Archive member included to satisfy reference by file (symbol)

C:\Users\dennis\Downloads\RetroArch-ARM-1.15.5\baremetal\build-node\boottest\lib\libcircle.a(ea44136466a5_actled.cpp.o)
                              C:\Users\dennis\Downloads\RetroArch-ARM-1.15.5\baremetal\build-node\boottest\obj\784a66f1e1f1_boottest_main.cpp.o (CActLED::CActLED(bool))
C:\Users\dennis\Downloads\RetroArch-ARM-1.15.5\baremetal\build-node\boottest\lib\libcircle.a(ed7018f1e476_devicenameservice.cpp.o)
                              C:\Users\dennis\Downloads\RetroArch-ARM-1.15.5\baremetal\build-node\boottest\obj\784a66f1e1f1_boottest_main.cpp.o (CDeviceNameService::CDeviceNameService())
C:\Users\dennis\Downloads\RetroArch-ARM-1.15.5\baremetal\build-node\boottest\lib\libcircle.a(0bf1500346a1_koptions.cpp.o)
                              C:\Users\dennis\Downloads\RetroArch-ARM-1.15.5\baremetal\build-node\boottest\obj\784a66f1e1f1_boottest_main.cpp.o (CKernelOptions::GetWidth() const)
C:\Users\dennis\Downloads\RetroArch-ARM-1.15.5\baremetal\build-node\boottest\lib\libcircle.a(f7f6f30f8da9_logger.cpp.o)
                              C:\Users\dennis\Downloads\RetroArch-ARM-1.15.5\baremetal\build-node\boottest\obj\784a66f1e1f1_boottest_main.cpp.o (CLogger::CLogger(unsigned int, CTimer*, bool))
C:\Users\dennis\Downloads\RetroArch-ARM-1.15.5\baremetal\build-node\boottest\lib\libcircle.a(2deec8bcc2fb_machineinfo.cpp.o)
                              C:\Users\dennis\Downloads\RetroArch-ARM-1.15.5\baremetal\build-node\boottest\lib\libcircle.a(f7f6f30f8da9_logger.cpp.o) (CMachineInfo::GetMachineName() const)
C:\Users\dennis\Downloads\RetroArch-ARM-1.15.5\baremetal\build-node\boottest\lib\libcircle.a(cf05b0984ecd_screen.cpp.o)
                              C:\Users\dennis\Downloads\RetroArch-ARM-1.15.5\baremetal\build-node\boottest\obj\784a66f1e1f1_boottest_main.cpp.o (CScreenDevice::Write(void const*, unsigned long))
C:\Users\dennis\Downloads\RetroArch-ARM-1.15.5\baremetal\build-node\boottest\lib\libcircle.a(88c0bc17c6cd_serial.cpp.o)
                              C:\Users\dennis\Downloads\RetroArch-ARM-1.15.5\baremetal\build-node\boottest\obj\784a66f1e1f1_boottest_main.cpp.o (CSerialDevice::CSerialDevice(CInterruptSystem*, bool, unsigned int))
C:\Users\dennis\Downloads\RetroArch-ARM-1.15.5\baremetal\build-node\boottest\lib\libcircle.a(450a97e8f245_string.cpp.o)
                              C:\Users\dennis\Downloads\RetroArch-ARM-1.15.5\baremetal\build-node\boottest\lib\libcircle.a(ed7018f1e476_devicenameservice.cpp.o) (CString::~CString())
C:\Users\dennis\Downloads\RetroArch-ARM-1.15.5\baremetal\build-node\boottest\lib\libcircle.a(e00bfda343c3_sysinit.cpp.o)
                              C:\Users\dennis\Downloads\RetroArch-ARM-1.15.5\baremetal\build-node\boottest\lib\libcircle.a(f7f6f30f8da9_logger.cpp.o) (set_qemu_exit_status)
C:\Users\dennis\Downloads\RetroArch-ARM-1.15.5\baremetal\build-node\boottest\lib\libcircle.a(a8f029ce038d_timer.cpp.o)
                              C:\Users\dennis\Downloads\RetroArch-ARM-1.15.5\baremetal\build-node\boottest\obj\784a66f1e1f1_boottest_main.cpp.o (CTimer::CTimer(CInterruptSystem*))
C:\Users\dennis\Downloads\RetroArch-ARM-1.15.5\baremetal\build-node\boottest\lib\libcircle.a(47303b236bf1_util.cpp.o)
                              C:\Users\dennis\Downloads\RetroArch-ARM-1.15.5\baremetal\build-node\boottest\obj\784a66f1e1f1_boottest_main.cpp.o (strlen)
C:\Users\dennis\Downloads\RetroArch-ARM-1.15.5\baremetal\build-node\boottest\lib\libcircle.a(8a0f27c30563_util_fast.S.o)
                              C:\Users\dennis\Downloads\RetroArch-ARM-1.15.5\baremetal\build-node\boottest\lib\libcircle.a(e00bfda343c3_sysinit.cpp.o) (memset)
C:\Users\dennis\Downloads\RetroArch-ARM-1.15.5\baremetal\build-node\boottest\lib\libcircle.a(5351eb9660b9_chainboot.cpp.o)
                              C:\Users\dennis\Downloads\RetroArch-ARM-1.15.5\baremetal\build-node\boottest\lib\libcircle.a(e00bfda343c3_sysinit.cpp.o) (IsChainBootEnabled)
C:\Users\dennis\Downloads\RetroArch-ARM-1.15.5\baremetal\build-node\boottest\lib\libcircle.a(ae54c3cb4912_new.cpp.o)
                              C:\Users\dennis\Downloads\RetroArch-ARM-1.15.5\baremetal\build-node\boottest\lib\libcircle.a(ed7018f1e476_devicenameservice.cpp.o) (operator new(unsigned long))
C:\Users\dennis\Downloads\RetroArch-ARM-1.15.5\baremetal\build-node\boottest\lib\libcircle.a(9e83ddb3ab83_heapallocator.cpp.o)
                              C:\Users\dennis\Downloads\RetroArch-ARM-1.15.5\baremetal\build-node\boottest\lib\libcircle.a(ae54c3cb4912_new.cpp.o) (CHeapAllocator::Allocate(unsigned long))
C:\Users\dennis\Downloads\RetroArch-ARM-1.15.5\baremetal\build-node\boottest\lib\libcircle.a(26a0659a99d7_font8x16.cpp.o)
                              C:\Users\dennis\Downloads\RetroArch-ARM-1.15.5\baremetal\build-node\boottest\obj\784a66f1e1f1_boottest_main.cpp.o (Font8x16)
[...]
Memory Configuration

Name             Origin             Length             Attributes
*default*        0x0000000000000000 0xffffffffffffffff

Linker script and memory map

Address of section .init set to 0x80000

.init           0x0000000000080000       0xa8
 *(.init)
 .init          0x0000000000080000       0xa8 C:\Users\dennis\Downloads\RetroArch-ARM-1.15.5\baremetal\build-node\boottest\lib\libcircle.a(6f8d2d1fd77b_startup64.S.o)
                0x0000000000080000                _start

.text           0x0000000000080800    0x1b39c
 *(.text*)
 .text          0x0000000000080800       0x94 C:\Users\dennis\Downloads\RetroArch-ARM-1.15.5\baremetal\build-node\boottest\obj\784a66f1e1f1_boottest_main.cpp.o
 *fill*         0x0000000000080894        0xc 
 .text.startup  0x00000000000808a0      0x3c8 C:\Users\dennis\Downloads\RetroArch-ARM-1.15.5\baremetal\build-node\boottest\obj\784a66f1e1f1_boottest_main.cpp.o
                0x00000000000808a0                main
 *fill*         0x0000000000080c68       0x18 
 .text          0x0000000000080c80      0x138 C:\Users\dennis\Downloads\RetroArch-ARM-1.15.5\baremetal\build-node\boottest\lib\libcircle.a(ea44136466a5_actled.cpp.o)
                0x0000000000080c80                CActLED::CActLED(bool)
                0x0000000000080c80                CActLED::CActLED(bool)
                0x0000000000080ce0                CActLED::~CActLED()
                0x0000000000080ce0                CActLED::~CActLED()
                0x0000000000080cec                CActLED::On()
                0x0000000000080d08                CActLED::Off()
                0x0000000000080d24                CActLED::Blink(unsigned int, unsigned int, unsigned int)
                0x0000000000080dac                CActLED::Get()
 *fill*         0x0000000000080db8        0x8 
 .text          0x0000000000080dc0      0x880 C:\Users\dennis\Downloads\RetroArch-ARM-1.15.5\baremetal\build-node\boottest\lib\libcircle.a(ed7018f1e476_devicenameservice.cpp.o)
                0x0000000000080dc0                CDeviceNameService::CDeviceNameService()
                0x0000000000080dc0                CDeviceNameService::CDeviceNameService()
                0x0000000000080e00                CDeviceNameService::~CDeviceNameService()
                0x0000000000080e00                CDeviceNameService::~CDeviceNameService()
                0x0000000000080e70                CDeviceNameService::AddDevice(char const*, CDevice*, bool)
                0x0000000000080f60                CDeviceNameService::RemoveDevice(char const*, bool)
                0x0000000000081084                CDeviceNameService::GetDevice(char const*, bool)
                0x0000000000081180                CDeviceNameService::EnumerateDevices(bool (*)(CDevice*, char const*, bool, void*), void*)
                0x0000000000081220                CDeviceNameService::Get()
                0x0000000000081250                CDeviceNameService::AddDevice(char const*, unsigned int, CDevice*, bool)
                0x00000000000812c8                CDeviceNameService::RemoveDevice(char const*, unsigned int, bool)
                0x0000000000081340                CDeviceNameService::GetDevice(char const*, unsigned int, bool)
                0x00000000000813c0                CDeviceNameService::ListDevices(CDevice*, bool)
 .text          0x0000000000081640      0xbc0 C:\Users\dennis\Downloads\RetroArch-ARM-1.15.5\baremetal\build-node\boottest\lib\libcircle.a(0bf1500346a1_koptions.cpp.o)
                0x00000000000816a0                CKernelOptions::~CKernelOptions()
                0x00000000000816a0                CKernelOptions::~CKernelOptions()
                0x0000000000081740                CKernelOptions::GetWidth() const
                0x0000000000081748                CKernelOptions::GetHeight() const
                0x0000000000081750                CKernelOptions::GetLogDevice() const
                0x0000000000081760                CKernelOptions::GetLogLevel() const
                0x0000000000081768                CKernelOptions::GetKeyMap() const
                0x0000000000081770                CKernelOptions::GetUSBPowerDelay() const
                0x0000000000081780                CKernelOptions::GetUSBFullSpeed() const
                0x0000000000081788                CKernelOptions::GetUSBBoost() const
                0x0000000000081790                CKernelOptions::GetUSBIgnore() const
                0x00000000000817a0                CKernelOptions::GetUSBSoundChannels() const
                0x00000000000817a8                CKernelOptions::GetSoundDevice() const
                0x00000000000817b0                CKernelOptions::GetSoundOption() const
                0x00000000000817c0                CKernelOptions::GetCPUSpeed() const
                0x00000000000817c8                CKernelOptions::GetSoCMaxTemp() const
                0x00000000000817d0                CKernelOptions::GetGPIOFanPin() const
                0x00000000000817e0                CKernelOptions::GetTouchScreen() const
                0x0000000000081800                CKernelOptions::GetBacklight() const
                0x0000000000081808                CKernelOptions::GetAppOptionString(char const*, char const*) const
                0x000000000008186c                CKernelOptions::GetAppOptionDecimal(char const*, unsigned int) const
                0x0000000000081920                CKernelOptions::GetAppOptionSignedDecimal(char const*, int) const
                0x00000000000819a8                CKernelOptions::Get()
                0x00000000000819c0                CKernelOptions::GetToken()
                0x0000000000081a20                CKernelOptions::GetOptionValue(char*)
                0x0000000000081a4c                CKernelOptions::GetDecimal(char const*)
                0x0000000000081aac                CKernelOptions::GetDecimals(char*, unsigned int*, unsigned int)
                0x0000000000081b80                CKernelOptions::CKernelOptions()
                0x0000000000081b80                CKernelOptions::CKernelOptions()
 .text          0x0000000000082200      0x9fc C:\Users\dennis\Downloads\RetroArch-ARM-1.15.5\baremetal\build-node\boottest\lib\libcircle.a(f7f6f30f8da9_logger.cpp.o)
                0x0000000000082200                CLogger::CLogger(unsigned int, CTimer*, bool)
                0x0000000000082200                CLogger::CLogger(unsigned int, CTimer*, bool)
                0x0000000000082260                CLogger::~CLogger()
                0x0000000000082260                CLogger::~CLogger()
                0x0000000000082308                CLogger::SetNewTarget(CDevice*)
                0x0000000000082310                CLogger::GetTarget() const
                0x0000000000082320                CLogger::Get()
                0x0000000000082388                CLogger::Write(char const*)
                0x0000000000082480                CLogger::WriteNoAlloc(char const*, TLogSeverity, char const*)
                0x0000000000082580                CLogger::Read(void*, unsigned int, bool)
                0x000000000008264c                CLogger::WriteEvent(char const*, TLogSeverity, char const*)
                0x00000000000827ac                CLogger::ReadEvent(TLogSeverity*, char*, char*, long*, unsigned int*, int*)
                0x00000000000828c8                CLogger::RegisterEventNotificationHandler(void (*)())
                0x00000000000828d0                CLogger::RegisterPanicHandler(void (*)())
                0x00000000000828e0                CLogger::WriteV(char const*, TLogSeverity, char const*, std::__va_list)
                0x0000000000082a80                CLogger::Write(char const*, TLogSeverity, char const*, ...)
                0x0000000000082ae4                CLogger::Initialize(CDevice*)
 *fill*         0x0000000000082bfc        0x4 
 .text          0x0000000000082c00     0x1480 C:\Users\dennis\Downloads\RetroArch-ARM-1.15.5\baremetal\build-node\boottest\lib\libcircle.a(2deec8bcc2fb_machineinfo.cpp.o)
                0x0000000000082c08                CMachineInfo::~CMachineInfo()
                0x0000000000082c08                CMachineInfo::~CMachineInfo()
                0x0000000000082c60                CMachineInfo::GetMachineModel() const
                0x0000000000082c68                CMachineInfo::GetMachineName() const
                0x0000000000082c80                CMachineInfo::GetModelMajor() const
                0x0000000000082c88                CMachineInfo::GetModelRevision() const
                0x0000000000082c90                CMachineInfo::GetSoCType() const
                0x0000000000082ca0                CMachineInfo::GetSoCStepping() const
                0x0000000000082ca8                CMachineInfo::GetRAMSize() const
                0x0000000000082cb0                CMachineInfo::GetRAMSizeEarly()
                0x0000000000082cc0                CMachineInfo::GetSoCName() const
                0x0000000000082ce0                CMachineInfo::GetRevisionRaw() const
                0x0000000000082ce8                CMachineInfo::GetActLEDInfo() const
                0x0000000000082d00                CMachineInfo::GetClockRate(unsigned int) const
                0x0000000000082ea4                CMachineInfo::GetGPIOPin(TGPIOVirtualPin) const
                0x0000000000082f4c                CMachineInfo::GetGPIOClockSourceRate(unsigned int)
                0x0000000000082f70                CMachineInfo::GetDevice(TDeviceId) const
                0x0000000000082fa4                CMachineInfo::ArePWMChannelsSwapped() const
                0x0000000000082fe0                CMachineInfo::AllocateDMAChannel(unsigned int)
                0x0000000000083180                CMachineInfo::FreeDMAChannel(unsigned int)
                0x0000000000083220                CMachineInfo::AllocateDMAChannelRP1(unsigned int)
                0x0000000000083350                CMachineInfo::FreeDMAChannelRP1(unsigned int)
                0x00000000000833e8                CMachineInfo::FetchDTB()
                0x0000000000083460                CMachineInfo::CMachineInfo()
                0x0000000000083460                CMachineInfo::CMachineInfo()
                0x0000000000083b40                CMachineInfo::CheckDTB(bool)
                0x0000000000083de0                CMachineInfo::GetDTB() const
                0x0000000000083de8                CMachineInfo::GetPCIeMemory(unsigned int) const
                0x0000000000083e4c                CMachineInfo::GetPCIeDMAMemory(unsigned int) const
                0x0000000000084050                CMachineInfo::Get()
 .text          0x0000000000084080      0x490 C:\Users\dennis\Downloads\RetroArch-ARM-1.15.5\baremetal\build-node\boottest\lib\libcircle.a(cf05b0984ecd_screen.cpp.o)
                0x0000000000084080                CScreenDevice::Write(void const*, unsigned long)
                0x00000000000840a0                CScreenDevice::~CScreenDevice()
                0x00000000000840a0                CScreenDevice::~CScreenDevice()
                0x0000000000084120                CScreenDevice::~CScreenDevice()
                0x00000000000841a4                CScreenDevice::CScreenDevice(unsigned int, unsigned int, TFont const&, CCharGenerator::TFontFlags, unsigned int)
                0x00000000000841a4                CScreenDevice::CScreenDevice(unsigned int, unsigned int, TFont const&, CCharGenerator::TFontFlags, unsigned int)
                0x0000000000084220                CScreenDevice::Initialize()
                0x0000000000084320                CScreenDevice::Resize(unsigned int, unsigned int)
                0x0000000000084384                CScreenDevice::GetWidth() const
                0x000000000008438c                CScreenDevice::GetHeight() const
                0x00000000000843a0                CScreenDevice::GetColumns() const
                0x00000000000843a8                CScreenDevice::GetRows() const
                0x00000000000843b0                CScreenDevice::GetFrameBuffer()
                0x00000000000843c0                CScreenDevice::SetPixel(unsigned int, unsigned int, unsigned short)
                0x00000000000843cc                CScreenDevice::GetPixel(unsigned int, unsigned int)
                0x0000000000084460                CScreenDevice::Rotor(unsigned int, unsigned int)
                0x0000000000084500                CScreenDevice::SetCursorBlock(bool)
                0x0000000000084508                CScreenDevice::Update(unsigned int)
 *fill*         0x0000000000084510       0x10 
 .text          0x0000000000084520     0x1310 C:\Users\dennis\Downloads\RetroArch-ARM-1.15.5\baremetal\build-node\boottest\lib\libcircle.a(88c0bc17c6cd_serial.cpp.o)
                0x0000000000084520                CSerialDevice::Read(void*, unsigned long)
                0x0000000000084680                CSerialDevice::~CSerialDevice()
                0x0000000000084680                CSerialDevice::~CSerialDevice()
                0x000000000008480c                CSerialDevice::~CSerialDevice()
                0x000000000008482c                CSerialDevice::CSerialDevice(CInterruptSystem*, bool, unsigned int)
                0x000000000008482c                CSerialDevice::CSerialDevice(CInterruptSystem*, bool, unsigned int)
                0x0000000000084a00                CSerialDevice::Initialize(unsigned int, unsigned int, unsigned int, CSerialDevice::TParity)
                0x0000000000084d48                CSerialDevice::GetOptions() const
                0x0000000000084d50                CSerialDevice::SetOptions(unsigned int)
                0x0000000000084d60                CSerialDevice::SetParity(CSerialDevice::TParity)
                0x0000000000084ea8                CSerialDevice::IsTransmitting() const
                0x0000000000084ee0                CSerialDevice::RegisterCharReceivedHandler(void (*)(unsigned char, int, void*), void*)
                0x0000000000084f10                CSerialDevice::RegisterMagicReceivedHandler(char const*, void (*)())
                0x0000000000084fb0                CSerialDevice::AvailableForWrite()
                0x0000000000085060                CSerialDevice::AvailableForRead()
                0x0000000000085130                CSerialDevice::Peek()
                0x0000000000085200                CSerialDevice::Flush()
                0x0000000000085220                CSerialDevice::Write(unsigned char)
                0x0000000000085320                CSerialDevice::Write(void const*, unsigned long)
                0x0000000000085580                CSerialDevice::InterruptHandler()
                0x00000000000857a8                CSerialDevice::InterruptStub(void*)
 *fill*         0x0000000000085830       0x10 
 .text          0x0000000000085840     0x2774 C:\Users\dennis\Downloads\RetroArch-ARM-1.15.5\baremetal\build-node\boottest\lib\libcircle.a(450a97e8f245_string.cpp.o)
                0x0000000000085840                CString::~CString()
                0x0000000000085840                CString::~CString()
                0x0000000000085850                CString::~CString()
                0x000000000008588c                CString::CString()
                0x000000000008588c                CString::CString()
                0x00000000000858a0                CString::CString(char const*)
                0x00000000000858a0                CString::CString(char const*)
                0x00000000000858e8                CString::CString(CString const&)
                0x00000000000858e8                CString::CString(CString const&)
                0x000000000008594c                CString::CString(CString&&)
                0x000000000008594c                CString::CString(CString&&)
                0x0000000000085970                CString::operator char const*() const
                0x0000000000085988                CString::operator=(char const*)
                0x00000000000859e0                CString::operator=(CString const&)
                0x0000000000085a50                CString::operator=(CString&&)
                0x0000000000085ac0                CString::operator+=(char)
                0x0000000000085b70                CString::operator+=(char const*)
                0x0000000000085c08                CString::operator+=(CString const&)
                0x0000000000085cb0                CString::c_str() const
                0x0000000000085cc8                CString::GetLength() const
                0x0000000000085ce0                CString::Append(char)
                0x0000000000085d88                CString::Append(char const*)
                0x0000000000085e40                CString::Compare(char const*) const
                0x0000000000085e60                CString::Find(char) const
                0x0000000000085ea0                CString::TrimRight(char const*)
                0x0000000000085f24                CString::Replace(char const*, char const*)
                0x0000000000086220                CString::PutChar(char, unsigned long)
                0x0000000000086340                CString::PutString(char const*)
                0x0000000000086408                CString::ReserveSpace(unsigned long)
                0x00000000000864ac                CString::ntoa(char*, unsigned long, unsigned int, bool)
                0x000000000008652c                CString::lltoa(char*, unsigned long long, unsigned int, bool)
                0x00000000000865ac                CString::ftoa(char*, double, unsigned int)
                0x00000000000869c0                CString::FormatV(char const*, std::__va_list)
                0x0000000000087f4c                CString::Format(char const*, ...)
 *fill*         0x0000000000087fb4        0xc 
 .text          0x0000000000087fc0      0x328 C:\Users\dennis\Downloads\RetroArch-ARM-1.15.5\baremetal\build-node\boottest\lib\libcircle.a(e00bfda343c3_sysinit.cpp.o)
                0x0000000000087fc0                __aeabi_atexit
                0x0000000000087fc4                __cxa_atexit
                0x0000000000087fc8                __errno
                0x0000000000087fe0                set_qemu_exit_status
                0x0000000000087fe4                __GetCurrentStackNoWeak
                0x0000000000088020                GetCurrentStack
                0x0000000000088050                halt
                0x000000000008806c                error_halt
                0x00000000000880a8                reboot
                0x00000000000880d0                poweroff
                0x00000000000880e4                is_power_button_pressed
                0x000000000008816c                sysinit
 *fill*         0x00000000000882e8       0x18 
 .text          0x0000000000088300     0x1270 C:\Users\dennis\Downloads\RetroArch-ARM-1.15.5\baremetal\build-node\boottest\lib\libcircle.a(a8f029ce038d_timer.cpp.o)
                0x0000000000088300                CTimer::CTimer(CInterruptSystem*)
                0x0000000000088300                CTimer::CTimer(CInterruptSystem*)
                0x0000000000088384                CTimer::~CTimer()
                0x0000000000088384                CTimer::~CTimer()
                0x0000000000088470                CTimer::Initialize()
                0x00000000000885d0                CTimer::SetTimeZone(int)
                0x0000000000088600                CTimer::GetTimeZone() const
                0x0000000000088608                CTimer::SetTime(unsigned int, bool)
                0x00000000000886a8                CTimer::GetClockTicks()
                0x00000000000886c8                CTimer::GetClockTicks64()
                0x00000000000886e8                CTimer::GetTicks() const
                0x00000000000886f0                CTimer::GetUptime() const
                0x0000000000088700                CTimer::GetUptime(unsigned int*, unsigned int*)
                0x00000000000887cc                CTimer::GetTime() const
                0x00000000000887e0                CTimer::GetLocalTime(unsigned int*, unsigned int*)
                0x00000000000888ac                CTimer::GetUniversalTime() const
                0x00000000000888c8                CTimer::GetUniversalTime(unsigned int*, unsigned int*)
                0x00000000000889c0                CTimer::GetTimeString()
                0x0000000000088cf0                CTimer::StartKernelTimer(unsigned int, void (*)(unsigned long, void*, void*), void*, void*)
                0x0000000000088e48                CTimer::CancelKernelTimer(unsigned long)
                0x0000000000088f00                CTimer::PollKernelTimers()
                0x0000000000089040                CTimer::InterruptHandler(void*)
                0x000000000008916c                CTimer::InterruptHandler()
                0x0000000000089280                CTimer::TuneMsDelay()
                0x0000000000089320                CTimer::RegisterUpdateTimeHandler(bool (*)(unsigned int, unsigned int))
                0x0000000000089370                CTimer::RegisterPeriodicHandler(void (*)())
                0x00000000000893e0                CTimer::SimpleMsDelay(unsigned int)
                0x0000000000089440                CTimer::SimpleusDelay(unsigned int)
                0x0000000000089488                CTimer::IsLeapYear(unsigned int)
                0x00000000000894cc                CTimer::GetDaysOfMonth(unsigned int, unsigned int)
                0x0000000000089540                CTimer::Get()
 *fill*         0x0000000000089570       0x10 
 .text          0x0000000000089580     0x12c8 C:\Users\dennis\Downloads\RetroArch-ARM-1.15.5\baremetal\build-node\boottest\lib\libcircle.a(47303b236bf1_util.cpp.o)
                0x0000000000089580                memmove
                0x0000000000089728                memcmp
                0x0000000000089860                memmem
                0x00000000000899c0                strlen
                0x00000000000899e8                strnlen
                0x0000000000089dac                strcmp
                0x0000000000089e20                strcasecmp
                0x0000000000089ea8                strncmp
                0x000000000008a020                strncasecmp
                0x000000000008a0c0                strcpy
                0x000000000008a0e0                strncpy
                0x000000000008a3c0                strcat
                0x000000000008a400                strncat
                0x000000000008a460                strchr
                0x000000000008a488                strstr
                0x000000000008a4e0                strtok_r
                0x000000000008a5c0                strtoul
                0x000000000008a740                strtoull
                0x000000000008a744                atoi
                0x000000000008a760                char2int
                0x000000000008a768                ether_crc
 .text          0x000000000008a848       0xb0 C:\Users\dennis\Downloads\RetroArch-ARM-1.15.5\baremetal\build-node\boottest\lib\libcircle.a(8a0f27c30563_util_fast.S.o)
                0x000000000008a848                memset
                0x000000000008a898                memcpy
 *fill*         0x000000000008a8f8        0x8 
 .text          0x000000000008a900       0xc0 C:\Users\dennis\Downloads\RetroArch-ARM-1.15.5\baremetal\build-node\boottest\lib\libcircle.a(5351eb9660b9_chainboot.cpp.o)
                0x000000000008a94c                EnableChainBoot
                0x000000000008a990                IsChainBootEnabled
                0x000000000008a9a4                DoChainBoot
 .text          0x000000000008a9c0      0x328 C:\Users\dennis\Downloads\RetroArch-ARM-1.15.5\baremetal\build-node\boottest\lib\libcircle.a(ae54c3cb4912_new.cpp.o)
                0x000000000008a9c0                operator new(unsigned long, int)
                0x000000000008aa48                operator new[](unsigned long, int)
                0x000000000008aad0                operator new(unsigned long, void*)
                0x000000000008aae0                operator new[](unsigned long, void*)
                0x000000000008aae8                operator new(unsigned long)
                0x000000000008ab00                operator new[](unsigned long)
                0x000000000008ab20                operator delete(void*)
                0x000000000008ab48                operator delete[](void*)
                0x000000000008ab70                operator delete(void*, unsigned long)
                0x000000000008aba0                operator delete[](void*, unsigned long)
                0x000000000008abc8                operator new(unsigned long, std::align_val_t)
                0x000000000008ac00                operator new[](unsigned long, std::align_val_t)
                0x000000000008ac40                operator delete(void*, std::align_val_t)
                0x000000000008ac68                operator delete[](void*, std::align_val_t)
                0x000000000008ac90                operator delete(void*, unsigned long, std::align_val_t)
                0x000000000008acc0                operator delete[](void*, unsigned long, std::align_val_t)
 *fill*         0x000000000008ace8       0x18 
 .text          0x000000000008ad00      0xed4 C:\Users\dennis\Downloads\RetroArch-ARM-1.15.5\baremetal\build-node\boottest\lib\libcircle.a(9e83ddb3ab83_heapallocator.cpp.o)
                0x000000000008ad00                CHeapAllocator::CHeapAllocator(char const*)
                0x000000000008ad00                CHeapAllocator::CHeapAllocator(char const*)
                0x000000000008ad80                CHeapAllocator::~CHeapAllocator()
                0x000000000008ad80                CHeapAllocator::~CHeapAllocator()
                0x000000000008ad84                CHeapAllocator::Setup(unsigned long, unsigned long, unsigned long)
                0x000000000008ada0                CHeapAllocator::GetFreeSpace() const
                0x000000000008adac                CHeapAllocator::Allocate(unsigned long)
                0x000000000008afc8                CHeapAllocator::DoAllocate(unsigned long)
                0x000000000008b1e4                CHeapAllocator::ReAllocate(void*, unsigned long)
                0x000000000008b560                CHeapAllocator::DoReAllocate(void*, unsigned long)
                0x000000000008b8e0                CHeapAllocator::Free(void*)
                0x000000000008ba60                CHeapAllocator::DoFree(void*)
 *fill*         0x000000000008bbd4        0xc 
 .text          0x000000000008bbe0      0x5c0 C:\Users\dennis\Downloads\RetroArch-ARM-1.15.5\baremetal\build-node\boottest\lib\libcircle.a(cf0a47a6dd2b_exceptionhandler64.cpp.o)
                0x000000000008bbe0                CExceptionHandler::~CExceptionHandler()
                0x000000000008bbe0                CExceptionHandler::~CExceptionHandler()
                0x000000000008bbec                CExceptionHandler::~CExceptionHandler()
                0x000000000008bc00                CExceptionHandler::Throw(unsigned int, TAbortFrame*)
                0x000000000008be60                CExceptionHandler::CExceptionHandler()
                0x000000000008be60                CExceptionHandler::CExceptionHandler()
                0x000000000008bea0                CExceptionHandler::Get()
                0x000000000008bed0                ExceptionHandler
 .text          0x000000000008c1a0      0x44c C:\Users\dennis\Downloads\RetroArch-ARM-1.15.5\baremetal\build-node\boottest\lib\libcircle.a(98e2bc0db7af_memory64.cpp.o)
                0x000000000008c1a0                CMemorySystem::CMemorySystem(bool)
                0x000000000008c1a0                CMemorySystem::CMemorySystem(bool)
                0x000000000008c360                CMemorySystem::~CMemorySystem()
                0x000000000008c360                CMemorySystem::~CMemorySystem()
                0x000000000008c400                CMemorySystem::Destructor()
                0x000000000008c460                CMemorySystem::SetupHighMem()
                0x000000000008c4c0                CMemorySystem::GetMemSize() const
                0x000000000008c500                CMemorySystem::Get()
                0x000000000008c530                CMemorySystem::EnableMMU()
                0x000000000008c5e0                CMemorySystem::GetCoherentPage(unsigned int)
 *fill*         0x000000000008c5ec       0x14 
 .text          0x000000000008c600      0x5f0 C:\Users\dennis\Downloads\RetroArch-ARM-1.15.5\baremetal\build-node\boottest\lib\libcircle.a(dbd0b05881a2_synchronize64.cpp.o)
                0x000000000008c600                CurrentExecutionLevel
                0x000000000008c620                EnterCritical
                0x000000000008c6e0                LeaveCritical
                0x000000000008c740                InvalidateDataCache
                0x000000000008c904                InvalidateDataCacheL1Only
                0x000000000008c940                CleanDataCache
                0x000000000008cb04                InvalidateDataCacheRange
                0x000000000008cb48                CleanDataCacheRange
                0x000000000008cb8c                CleanAndInvalidateDataCacheRange
                0x000000000008cbd0                SyncDataAndInstructionCache
 *fill*         0x000000000008cbf0       0x10 
 .text          0x000000000008cc00      0x63c C:\Users\dennis\Downloads\RetroArch-ARM-1.15.5\baremetal\build-node\boottest\lib\libcircle.a(ffdd736dfdab_translationtable64.cpp.o)
                0x000000000008cc00                CTranslationTable::~CTranslationTable()
                0x000000000008cc00                CTranslationTable::~CTranslationTable()
                0x000000000008cc08                CTranslationTable::GetBaseAddress() const
                0x000000000008cc40                CTranslationTable::CreateLevel3Table(unsigned long)
                0x000000000008cf30                CTranslationTable::CTranslationTable(unsigned long)
                0x000000000008cf30                CTranslationTable::CTranslationTable(unsigned long)
 *fill*         0x000000000008d23c        0x4 
 .text          0x000000000008d240     0x113c C:\Users\dennis\Downloads\RetroArch-ARM-1.15.5\baremetal\build-node\boottest\lib\libcircle.a(4eab1cbd9bbc_interruptgic.cpp.o)
                0x000000000008d240                CInterruptSystem::CInterruptSystem()
                0x000000000008d240                CInterruptSystem::CInterruptSystem()
                0x000000000008d2e0                CInterruptSystem::~CInterruptSystem()
                0x000000000008d2e0                CInterruptSystem::~CInterruptSystem()
                0x000000000008d310                CInterruptSystem::Destructor()
                0x000000000008d340                CInterruptSystem::Initialize()
                0x000000000008d780                CInterruptSystem::ConnectIRQ(unsigned int, void (*)(void*), void*)
                0x000000000008d868                CInterruptSystem::DisconnectIRQ(unsigned int)
                0x000000000008d948                CInterruptSystem::ConnectFIQ(unsigned int, void (*)(void*), void*)
                0x000000000008db20                CInterruptSystem::DisconnectFIQ()
                0x000000000008dc2c                CInterruptSystem::EnableIRQ(unsigned int)
                0x000000000008dccc                CInterruptSystem::DisableIRQ(unsigned int)
                0x000000000008dd6c                CInterruptSystem::EnableFIQ(unsigned int)
                0x000000000008de40                CInterruptSystem::DisableFIQ()
                0x000000000008dec0                CInterruptSystem::Get()
                0x000000000008deec                CInterruptSystem::CallIRQHandler(unsigned int)
                0x000000000008df60                CInterruptSystem::InterruptHandler()
                0x000000000008e020                InterruptHandler
                0x000000000008e0e0                CInterruptSystem::InitializeSecondary()
                0x000000000008e104                CInterruptSystem::SendIPI(unsigned int, unsigned int)
                0x000000000008e16c                CInterruptSystem::CallSecureMonitor(unsigned int, unsigned int)
                0x000000000008e184                CInterruptSystem::SecureMonitorHandler(unsigned int, unsigned int)
                0x000000000008e280                SecureMonitorHandler
 *fill*         0x000000000008e37c        0x4 
 .text          0x000000000008e380      0xb08 C:\Users\dennis\Downloads\RetroArch-ARM-1.15.5\baremetal\build-node\boottest\lib\libcircle.a(4f21472e9574_devicetreeblob.cpp.o)
                0x000000000008e380                CDeviceTreeBlob::CDeviceTreeBlob(void const*)
                0x000000000008e380                CDeviceTreeBlob::CDeviceTreeBlob(void const*)
                0x000000000008e444                CDeviceTreeBlob::~CDeviceTreeBlob()
                0x000000000008e444                CDeviceTreeBlob::~CDeviceTreeBlob()
                0x000000000008e460                CDeviceTreeBlob::FindNodeInternal(char const*, TDeviceTreeNode const*, TDeviceTreeNode const**) const
                0x000000000008e800                CDeviceTreeBlob::FindNode(char const*, TDeviceTreeNode const*) const
                0x000000000008eb48                CDeviceTreeBlob::FindProperty(TDeviceTreeNode const*, char const*) const
                0x000000000008ed40                CDeviceTreeBlob::GetPropertyValueLength(TDeviceTreeProperty const*) const
                0x000000000008ed90                CDeviceTreeBlob::GetPropertyValue(TDeviceTreeProperty const*) const
                0x000000000008edc8                CDeviceTreeBlob::GetPropertyValueWord(TDeviceTreeProperty const*, unsigned int) const
 *fill*         0x000000000008ee88       0x18 
 .text          0x000000000008eea0      0x9b0 C:\Users\dennis\Downloads\RetroArch-ARM-1.15.5\baremetal\build-node\boottest\lib\libcircle.a(edbbae85f3d2_southbridge.cpp.o)
                0x000000000008eea0                CSouthbridge::InterruptHandler(void*)
                0x000000000008f040                CSouthbridge::CSouthbridge(CInterruptSystem*)
                0x000000000008f040                CSouthbridge::CSouthbridge(CInterruptSystem*)
                0x000000000008f1ec                CSouthbridge::~CSouthbridge()
                0x000000000008f1ec                CSouthbridge::~CSouthbridge()
                0x000000000008f280                CSouthbridge::Initialize()
                0x000000000008f3c8                CSouthbridge::DisconnectIRQ(unsigned int)
                0x000000000008f4c0                CSouthbridge::EnableIRQ(unsigned int)
                0x000000000008f5a0                CSouthbridge::ConnectIRQ(unsigned int, void (*)(void*), void*)
                0x000000000008f660                CSouthbridge::DisableIRQ(unsigned int)
                0x000000000008f700                CSouthbridge::Get()
                0x000000000008f72c                CSouthbridge::DumpStatus()
 *fill*         0x000000000008f850       0x10 
 .text          0x000000000008f860     0x19d8 C:\Users\dennis\Downloads\RetroArch-ARM-1.15.5\baremetal\build-node\boottest\lib\libcircle.a(9be751402f52_gpiopin2712.cpp.o)
                0x000000000008f860                CGPIOPin::CGPIOPin()
                0x000000000008f860                CGPIOPin::CGPIOPin()
                0x000000000008f88c                CGPIOPin::~CGPIOPin()
                0x000000000008f88c                CGPIOPin::~CGPIOPin()
                0x000000000008f890                CGPIOPin::AssignPin(unsigned int)
                0x000000000008f98c                CGPIOPin::SetPullMode(TGPIOPullMode)
                0x000000000008fa80                CGPIOPin::SetSchmittTrigger(bool)
                0x000000000008fb08                CGPIOPin::SetFilterConstant(unsigned int)
                0x000000000008fba0                CGPIOPin::SetDriveStrength(TGPIODriveStrength)
                0x000000000008fc40                CGPIOPin::SetSlewRate(TGPIOSlewRate)
                0x000000000008fce0                CGPIOPin::Write(unsigned int)
                0x000000000008fd80                CGPIOPin::Read() const
                0x000000000008fe20                CGPIOPin::Invert()
                0x000000000008fea0                CGPIOPin::ConnectInterrupt(void (*)(void*), void*, bool)
                0x0000000000090020                CGPIOPin::DisconnectInterrupt()
                0x0000000000090180                CGPIOPin::EnableInterrupt(TGPIOInterrupt)
                0x0000000000090300                CGPIOPin::DisableInterrupt()
                0x0000000000090420                CGPIOPin::EnableInterrupt2(TGPIOInterrupt)
                0x00000000000905a0                CGPIOPin::DisableInterrupt2()
                0x00000000000906c0                CGPIOPin::AcknowledgeInterrupt()
                0x00000000000907c4                CGPIOPin::SetModeAll(unsigned int, unsigned int)
                0x0000000000090824                CGPIOPin::WriteAll(unsigned int, unsigned int)
                0x000000000009086c                CGPIOPin::ReadAll()
                0x0000000000090880                CGPIOPin::DumpStatus()
                0x00000000000909c0                CGPIOPin::SetAlternateFunction(unsigned int)
                0x0000000000090a84                CGPIOPin::SetMode(TGPIOMode, bool)
                0x0000000000090d20                CGPIOPin::CGPIOPin(unsigned int, TGPIOMode, CGPIOManager*)
                0x0000000000090d20                CGPIOPin::CGPIOPin(unsigned int, TGPIOMode, CGPIOManager*)
                0x0000000000091028                CGPIOPin::InterruptHandler()
                0x00000000000910b0                CGPIOPin::DisableAllInterrupts(unsigned int)
                0x0000000000091190                CGPIOPin::Pin2Bank(unsigned int, unsigned int*, unsigned int*)
 *fill*         0x0000000000091238        0x8 
 .text.startup  0x0000000000091240       0x10 C:\Users\dennis\Downloads\RetroArch-ARM-1.15.5\baremetal\build-node\boottest\lib\libcircle.a(9be751402f52_gpiopin2712.cpp.o)
 *fill*         0x0000000000091250       0x10 
 .text          0x0000000000091260      0x154 C:\Users\dennis\Downloads\RetroArch-ARM-1.15.5\baremetal\build-node\boottest\lib\libcircle.a(2e0a74312164_alloc.cpp.o)
                0x0000000000091260                malloc
                0x0000000000091280                memalign
                0x00000000000912c0                free
                0x00000000000912e8                calloc
                0x0000000000091360                realloc
                0x000000000009138c                palloc
                0x00000000000913a0                pfree
 *fill*         0x00000000000913b4        0xc 
 .text          0x00000000000913c0       0x8c C:\Users\dennis\Downloads\RetroArch-ARM-1.15.5\baremetal\build-node\boottest\lib\libcircle.a(5451a23d0566_assert.cpp.o)
                0x00000000000913c0                assertion_failed
 *fill*         0x000000000009144c       0x14 
 .text          0x0000000000091460      0xbd4 C:\Users\dennis\Downloads\RetroArch-ARM-1.15.5\baremetal\build-node\boottest\lib\libcircle.a(39ff5e494112_bcmframebuffer.cpp.o)
                0x0000000000091460                CBcmFrameBuffer::GetWidth() const
                0x0000000000091468                CBcmFrameBuffer::GetHeight() const
                0x0000000000091470                CBcmFrameBuffer::GetDepth() const
                0x0000000000091480                CBcmFrameBuffer::~CBcmFrameBuffer()
                0x0000000000091480                CBcmFrameBuffer::~CBcmFrameBuffer()
                0x00000000000914cc                CBcmFrameBuffer::SetArea(CDisplay::TArea const&, void const*, void (*)(void*), void*)
                0x00000000000915b0                CBcmFrameBuffer::DMACompletionRoutine(unsigned int, unsigned int, bool, void*)
                0x00000000000915c4                CBcmFrameBuffer::SetPixel(unsigned int, unsigned int, unsigned int)
                0x0000000000091628                CBcmFrameBuffer::~CBcmFrameBuffer()
                0x0000000000091680                CBcmFrameBuffer::CBcmFrameBuffer(unsigned int, unsigned int, unsigned int, unsigned int, unsigned int, unsigned int, bool)
                0x0000000000091680                CBcmFrameBuffer::CBcmFrameBuffer(unsigned int, unsigned int, unsigned int, unsigned int, unsigned int, unsigned int, bool)
                0x00000000000918e8                CBcmFrameBuffer::SetPalette(unsigned char, unsigned short)
                0x0000000000091944                CBcmFrameBuffer::SetPalette32(unsigned char, unsigned int)
                0x0000000000091980                CBcmFrameBuffer::GetVirtWidth() const
                0x0000000000091988                CBcmFrameBuffer::GetVirtHeight() const
                0x0000000000091990                CBcmFrameBuffer::GetPitch() const
                0x00000000000919a0                CBcmFrameBuffer::GetBuffer() const
                0x00000000000919a8                CBcmFrameBuffer::GetSize() const
                0x00000000000919b0                CBcmFrameBuffer::UpdatePalette()
                0x0000000000091ae0                CBcmFrameBuffer::SetVirtualOffset(unsigned int, unsigned int)
                0x0000000000091c00                CBcmFrameBuffer::WaitForVerticalSync()
                0x0000000000091cc8                CBcmFrameBuffer::SetBacklightBrightness(unsigned int)
                0x0000000000091da0                CBcmFrameBuffer::Initialize()
                0x0000000000091f44                CBcmFrameBuffer::SetDisplay()
                0x0000000000091fc0                CBcmFrameBuffer::GetNumDisplays()
 *fill*         0x0000000000092034        0xc 
 .text          0x0000000000092040      0x35c C:\Users\dennis\Downloads\RetroArch-ARM-1.15.5\baremetal\build-node\boottest\lib\libcircle.a(6ee851cdb77c_bcmpropertytags.cpp.o)
                0x0000000000092040                CBcmPropertyTags::CBcmPropertyTags(bool)
                0x0000000000092040                CBcmPropertyTags::CBcmPropertyTags(bool)
                0x000000000009204c                CBcmPropertyTags::~CBcmPropertyTags()
                0x000000000009204c                CBcmPropertyTags::~CBcmPropertyTags()
                0x0000000000092050                CBcmPropertyTags::GetTag(unsigned int, void*, unsigned int, unsigned int)
                0x0000000000092240                CBcmPropertyTags::GetTags(void*, unsigned int)
 *fill*         0x000000000009239c        0x4 
 .text          0x00000000000923a0      0x490 C:\Users\dennis\Downloads\RetroArch-ARM-1.15.5\baremetal\build-node\boottest\lib\libcircle.a(62bf4262971a_debug.cpp.o)
                0x00000000000923a0                DebugStackTrace(unsigned long const*, char const*)
                0x0000000000092444                DebugHexDump(void const*, unsigned int, char const*, unsigned int)
 *fill*         0x0000000000092830       0x10 
 .text          0x0000000000092840       0x14 C:\Users\dennis\Downloads\RetroArch-ARM-1.15.5\baremetal\build-node\boottest\lib\libcircle.a(61a38dd7fa59_delayloop.S.o)
                0x0000000000092840                DelayLoop
 *fill*         0x0000000000092854        0xc 
 .text          0x0000000000092860      0x360 C:\Users\dennis\Downloads\RetroArch-ARM-1.15.5\baremetal\build-node\boottest\lib\libcircle.a(ac6c25bc8dae_device.cpp.o)
                0x0000000000092860                CDevice::Read(void*, unsigned long)
                0x0000000000092860                CDevice::Write(void const*, unsigned long)
                0x0000000000092868                CDevice::Seek(unsigned long)
                0x0000000000092870                CDevice::GetSize() const
                0x0000000000092880                CDevice::IOCtl(unsigned long, void*)
                0x0000000000092888                CDevice::RemoveDevice()
                0x0000000000092890                CDevice::CDevice(CDevice*)
                0x0000000000092890                CDevice::CDevice(CDevice*)
                0x000000000009290c                CDevice::RegisterRemovedHandler(void (*)(CDevice*, void*), void*)
                0x00000000000929a8                CDevice::UnregisterRemovedHandler(void*)
                0x0000000000092a20                CDevice::SetProperty(CDevice::TProperty, char const*)
                0x0000000000092aa0                CDevice::GetProperty(CDevice::TProperty) const
                0x0000000000092ae0                CDevice::~CDevice()
                0x0000000000092ae0                CDevice::~CDevice()
                0x0000000000092ba0                CDevice::~CDevice()
 .text          0x0000000000092bc0     0x14d8 C:\Users\dennis\Downloads\RetroArch-ARM-1.15.5\baremetal\build-node\boottest\lib\libcircle.a(9750d335add9_dmachannel.cpp.o)
                0x0000000000092bc0                CDMAChannel::InterruptStub(void*)
                0x0000000000092d68                CDMAChannel::CDMAChannel(unsigned int, CInterruptSystem*)
                0x0000000000092d68                CDMAChannel::CDMAChannel(unsigned int, CInterruptSystem*)
                0x0000000000092f00                CDMAChannel::~CDMAChannel()
                0x0000000000092f00                CDMAChannel::~CDMAChannel()
                0x0000000000093068                CDMAChannel::SetupMemCopy(void*, void const*, unsigned long, unsigned int, bool)
                0x0000000000093260                CDMAChannel::SetupIORead(void*, unsigned long, unsigned long, TDREQ)
                0x0000000000093408                CDMAChannel::SetupIOWrite(unsigned long, void const*, unsigned long, TDREQ)
                0x00000000000935c0                CDMAChannel::SetupCyclicIOWrite(unsigned long, void const**, unsigned int, unsigned long, TDREQ)
                0x0000000000093904                CDMAChannel::SetupMemCopy2D(void*, void const*, unsigned long, unsigned int, unsigned long, unsigned int)
                0x0000000000093b2c                CDMAChannel::SetCompletionRoutine(void (*)(unsigned int, unsigned int, bool, void*), void*)
                0x0000000000093be8                CDMAChannel::Start()
                0x0000000000093d84                CDMAChannel::Wait()
                0x0000000000093e40                CDMAChannel::GetStatus()
                0x0000000000093eb0                CDMAChannel::Cancel()
                0x0000000000093f04                CDMAChannel::InterruptHandler()
 *fill*         0x0000000000094098        0x8 
 .text          0x00000000000940a0      0x480 C:\Users\dennis\Downloads\RetroArch-ARM-1.15.5\baremetal\build-node\boottest\lib\libcircle.a(ce7f02d453fa_ptrlist.cpp.o)
                0x00000000000940a0                CPtrList::CPtrList()
                0x00000000000940a0                CPtrList::CPtrList()
                0x00000000000940a8                CPtrList::~CPtrList()
                0x00000000000940a8                CPtrList::~CPtrList()
                0x00000000000940e0                CPtrList::GetFirst() const
                0x00000000000940e8                CPtrList::GetNext(TPtrListElement*) const
                0x0000000000094144                CPtrList::GetPtr(TPtrListElement*)
                0x00000000000941a0                CPtrList::InsertBefore(TPtrListElement*, void*)
                0x00000000000942a0                CPtrList::InsertAfter(TPtrListElement*, void*)
                0x00000000000943a0                CPtrList::Remove(TPtrListElement*)
                0x00000000000944c8                CPtrList::Find(void*) const
 .text          0x0000000000094520     0x2ff0 C:\Users\dennis\Downloads\RetroArch-ARM-1.15.5\baremetal\build-node\boottest\lib\libcircle.a(b8b618d643db_terminal.cpp.o)
                0x0000000000094520                CTerminalDevice::~CTerminalDevice()
                0x0000000000094520                CTerminalDevice::~CTerminalDevice()
                0x000000000009458c                CTerminalDevice::~CTerminalDevice()
                0x00000000000948a0                CTerminalDevice::CTerminalDevice(CDisplay*, unsigned int, TFont const&, CCharGenerator::TFontFlags)
                0x00000000000948a0                CTerminalDevice::CTerminalDevice(CDisplay*, unsigned int, TFont const&, CCharGenerator::TFontFlags)
                0x0000000000094940                CTerminalDevice::GetWidth() const
                0x0000000000094948                CTerminalDevice::GetHeight() const
                0x0000000000094950                CTerminalDevice::GetColumns() const
                0x0000000000094960                CTerminalDevice::GetRows() const
                0x0000000000094970                CTerminalDevice::GetDisplay()
                0x0000000000094980                CTerminalDevice::SetPixel(unsigned int, unsigned int, CDisplay::TColor)
                0x0000000000094a68                CTerminalDevice::SetPixel(unsigned int, unsigned int, unsigned int)
                0x0000000000094b20                CTerminalDevice::GetPixel(unsigned int, unsigned int)
                0x0000000000094bc8                CTerminalDevice::SetCursorBlock(bool)
                0x0000000000094bd0                CTerminalDevice::Update(unsigned int)
                0x0000000000094cc8                CTerminalDevice::CarriageReturn()
                0x0000000000094cd0                CTerminalDevice::ClearLineEnd()
                0x0000000000094f04                CTerminalDevice::ClearDisplayEnd()
                0x000000000009574c                CTerminalDevice::Initialize()
                0x0000000000095900                CTerminalDevice::CursorHome()
                0x0000000000095910                CTerminalDevice::CursorLeft()
                0x0000000000095960                CTerminalDevice::CursorMove(unsigned int, unsigned int)
                0x00000000000959a8                CTerminalDevice::CursorUp()
                0x00000000000959c8                CTerminalDevice::DeleteChars(unsigned int)
                0x00000000000959cc                CTerminalDevice::DeleteLines(unsigned int)
                0x00000000000959d0                CTerminalDevice::EraseChars(unsigned int)
                0x0000000000095b20                CTerminalDevice::GetTextBackgroundColor()
                0x0000000000095b40                CTerminalDevice::GetTextColor()
                0x0000000000095b60                CTerminalDevice::InsertLines(unsigned int)
                0x0000000000095b64                CTerminalDevice::InsertMode(bool)
                0x0000000000095b6c                CTerminalDevice::ReverseScroll()
                0x0000000000095b70                CTerminalDevice::SetAutoPageMode(bool)
                0x0000000000095b80                CTerminalDevice::SetCursorMode(bool)
                0x0000000000095b88                CTerminalDevice::SetScrollRegion(unsigned int, unsigned int)
                0x0000000000095bcc                CTerminalDevice::SetStandoutMode(unsigned int)
                0x0000000000095f10                CTerminalDevice::Scroll()
                0x0000000000096724                CTerminalDevice::CursorDown()
                0x0000000000096780                CTerminalDevice::NewLine()
                0x00000000000967e0                CTerminalDevice::CursorRight()
                0x0000000000096860                CTerminalDevice::Tabulator()
                0x00000000000968e8                CTerminalDevice::DisplayChar(char, unsigned int, unsigned int, unsigned int)
                0x0000000000096a90                CTerminalDevice::Write(char)
                0x0000000000097220                CTerminalDevice::Write(void const*, unsigned long)
                0x0000000000097340                CTerminalDevice::DisplayChar(char)
                0x00000000000973f0                CTerminalDevice::EraseChar(unsigned int, unsigned int)
                0x0000000000097500                CTerminalDevice::InvertCursor()
 *fill*         0x0000000000097510       0x10 
 .text          0x0000000000097520      0x1c4 C:\Users\dennis\Downloads\RetroArch-ARM-1.15.5\baremetal\build-node\boottest\lib\libcircle.a(6fd9639b4221_pageallocator.cpp.o)
                0x0000000000097520                CPageAllocator::CPageAllocator()
                0x0000000000097520                CPageAllocator::CPageAllocator()
                0x0000000000097540                CPageAllocator::~CPageAllocator()
                0x0000000000097540                CPageAllocator::~CPageAllocator()
                0x0000000000097544                CPageAllocator::Setup(unsigned long, unsigned long)
                0x00000000000975a0                CPageAllocator::GetFreeSpace() const
                0x00000000000975ac                CPageAllocator::Allocate()
                0x0000000000097670                CPageAllocator::Free(void*)
 *fill*         0x00000000000976e4      0x11c 
 .text          0x0000000000097800      0xad8 C:\Users\dennis\Downloads\RetroArch-ARM-1.15.5\baremetal\build-node\boottest\lib\libcircle.a(3fea52ff7acc_exceptionstub64.S.o)
                0x0000000000097800                VectorTable
                0x0000000000097f84                UnexpectedStub
                0x0000000000097fbc                SynchronousStub
                0x0000000000097ff4                SErrorStub
                0x000000000009802c                IRQStub
                0x000000000009815c                FIQStub
                0x0000000000098288                SMCStub
 *fill*         0x00000000000982d8        0x8 
 .text          0x00000000000982e0     0x16f0 C:\Users\dennis\Downloads\RetroArch-ARM-1.15.5\baremetal\build-node\boottest\lib\libcircle.a(d787fe77b090_bcmpciehostbridge.cpp.o)
                0x00000000000982e0                CBcmPCIeHostBridge::InterruptHandler(void*)
                0x00000000000983b0                CBcmPCIeHostBridge::CBcmPCIeHostBridge(unsigned int, CInterruptSystem*)
                0x00000000000983b0                CBcmPCIeHostBridge::CBcmPCIeHostBridge(unsigned int, CInterruptSystem*)
                0x00000000000983e0                CBcmPCIeHostBridge::~CBcmPCIeHostBridge()
                0x00000000000983e0                CBcmPCIeHostBridge::~CBcmPCIeHostBridge()
                0x00000000000983e4                CBcmPCIeHostBridge::DumpStatus(unsigned int, unsigned int)
                0x00000000000984f0                CBcmPCIeHostBridge::enable_bridge()
                0x00000000000985c0                CBcmPCIeHostBridge::enable_device(unsigned int, unsigned int, unsigned int)
                0x0000000000098764                CBcmPCIeHostBridge::EnableDevice(unsigned int, unsigned int, unsigned int)
                0x0000000000098780                CBcmPCIeHostBridge::pcie_set_pci_ranges()
                0x00000000000987e4                CBcmPCIeHostBridge::pcie_set_dma_ranges()
                0x0000000000098860                CBcmPCIeHostBridge::pcie_set_outbound_win(unsigned int, unsigned long, unsigned long, unsigned long)
                0x0000000000098920                CBcmPCIeHostBridge::pcie_map_conf(unsigned int, unsigned int, int)
                0x0000000000098980                CBcmPCIeHostBridge::find_pci_capability(unsigned long, unsigned char)
                0x0000000000098a0c                CBcmPCIeHostBridge::pcie_bridge_sw_init_set(unsigned int)
                0x0000000000098a60                CBcmPCIeHostBridge::pcie_perst_set(unsigned int)
                0x0000000000098a88                CBcmPCIeHostBridge::pcie_link_up()
                0x0000000000098aac                CBcmPCIeHostBridge::pcie_rc_mode()
                0x0000000000098ac0                CBcmPCIeHostBridge::pcie_enable_msi(void (*)(unsigned int, void*), void*)
                0x0000000000098c04                CBcmPCIeHostBridge::msi_set_regs(TPCIeMSIData*)
                0x0000000000098c80                CBcmPCIeHostBridge::cfg_index(int, int, int)
                0x0000000000098ca0                CBcmPCIeHostBridge::set_gen(unsigned long, int)
                0x0000000000098ccc                CBcmPCIeHostBridge::link_speed_to_str(int)
                0x0000000000098d00                CBcmPCIeHostBridge::encode_ibar_size(unsigned long)
                0x0000000000098d60                CBcmPCIeHostBridge::rd_fld(unsigned long, unsigned int, int)
                0x0000000000098d70                CBcmPCIeHostBridge::wr_fld(unsigned long, unsigned int, int, unsigned int)
                0x0000000000098d8c                CBcmPCIeHostBridge::wr_fld_rb(unsigned long, unsigned int, int, unsigned int)
                0x0000000000098dac                CBcmPCIeHostBridge::usleep_range(unsigned int, unsigned int)
                0x0000000000098dc0                CBcmPCIeHostBridge::msleep(unsigned int)
                0x0000000000098dc8                CBcmPCIeHostBridge::ilog2(unsigned long)
                0x0000000000098e00                CBcmPCIeHostBridge::pcie_set_tc_qos()
                0x0000000000098ea0                CBcmPCIeHostBridge::pcie_config_clkreq()
                0x0000000000098ec4                CBcmPCIeHostBridge::pcie_mdio_read(unsigned char, unsigned char, unsigned int*)
                0x0000000000098f84                CBcmPCIeHostBridge::pcie_mdio_write(unsigned char, unsigned char, unsigned short)
                0x0000000000099040                CBcmPCIeHostBridge::pcie_munge_pll()
                0x0000000000099100                CBcmPCIeHostBridge::pcie_mdio_form_pkt(int, int, int)
                0x000000000009910c                CBcmPCIeHostBridge::reset_assert(unsigned long)
                0x0000000000099140                CBcmPCIeHostBridge::reset_deassert(unsigned long)
                0x0000000000099188                CBcmPCIeHostBridge::rescal_reset_deassert()
                0x0000000000099260                CBcmPCIeHostBridge::pcie_setup()
                0x00000000000997f0                CBcmPCIeHostBridge::pcie_probe()
                0x00000000000998a4                CBcmPCIeHostBridge::Initialize()
 *fill*         0x00000000000999d0       0x10 
 .text          0x00000000000999e0     0x129c C:\Users\dennis\Downloads\RetroArch-ARM-1.15.5\baremetal\build-node\boottest\lib\libcircle.a(17a4fe325f9b_dma4channel.cpp.o)
                0x00000000000999e0                CDMA4Channel::InterruptStub(void*)
                0x0000000000099b6c                CDMA4Channel::CDMA4Channel(unsigned int, CInterruptSystem*)
                0x0000000000099b6c                CDMA4Channel::CDMA4Channel(unsigned int, CInterruptSystem*)
                0x0000000000099c48                CDMA4Channel::~CDMA4Channel()
                0x0000000000099c48                CDMA4Channel::~CDMA4Channel()
                0x0000000000099d40                CDMA4Channel::SetupMemCopy(void*, void const*, unsigned long, unsigned int, bool)
                0x0000000000099f20                CDMA4Channel::SetupIORead(void*, unsigned long, unsigned long, TDREQ)
                0x000000000009a084                CDMA4Channel::SetupIOWrite(unsigned long, void const*, unsigned long, TDREQ)
                0x000000000009a1e8                CDMA4Channel::SetupCyclicIOWrite(unsigned long, void const**, unsigned int, unsigned long, TDREQ)
                0x000000000009a508                CDMA4Channel::SetupMemCopy2D(void*, void const*, unsigned long, unsigned int, unsigned long, unsigned int)
                0x000000000009a720                CDMA4Channel::SetCompletionRoutine(void (*)(unsigned int, unsigned int, bool, void*), void*)
                0x000000000009a7e8                CDMA4Channel::Start()
                0x000000000009a960                CDMA4Channel::Wait()
                0x000000000009aa24                CDMA4Channel::GetStatus()
                0x000000000009aaa0                CDMA4Channel::Cancel()
                0x000000000009ab04                CDMA4Channel::InterruptHandler()
 *fill*         0x000000000009ac7c        0x4 
 .text          0x000000000009ac80      0x7e8 C:\Users\dennis\Downloads\RetroArch-ARM-1.15.5\baremetal\build-node\boottest\lib\libcircle.a(d85f8d6c437c_gpiomanager2712.cpp.o)
                0x000000000009ac80                CGPIOManager::CGPIOManager(CInterruptSystem*)
                0x000000000009ac80                CGPIOManager::CGPIOManager(CInterruptSystem*)
                0x000000000009ace4                CGPIOManager::~CGPIOManager()
                0x000000000009ace4                CGPIOManager::~CGPIOManager()
                0x000000000009b180                CGPIOManager::Initialize()
                0x000000000009b220                CGPIOManager::ConnectInterrupt(CGPIOPin*)
                0x000000000009b2c0                CGPIOManager::DisconnectInterrupt(CGPIOPin*)
                0x000000000009b360                CGPIOManager::InterruptHandler()
                0x000000000009b440                CGPIOManager::InterruptStub(void*)
 *fill*         0x000000000009b468       0x18 
 .text          0x000000000009b480      0x3cc C:\Users\dennis\Downloads\RetroArch-ARM-1.15.5\baremetal\build-node\boottest\lib\libcircle.a(9a17b4b4dea8_display.cpp.o)
                0x000000000009b480                CDisplay::GetParent() const
                0x000000000009b488                CDisplay::GetOffsetY() const
                0x000000000009b488                CDisplay::GetOffsetX() const
                0x000000000009b490                CDisplay::CDisplay(CDisplay::TColorModel)
                0x000000000009b490                CDisplay::CDisplay(CDisplay::TColorModel)
                0x000000000009b4a4                CDisplay::GetColorModel() const
                0x000000000009b4ac                CDisplay::GetColor(CDisplay::TColor) const
                0x000000000009b640                CDisplay::GetColor(unsigned int) const
 *fill*         0x000000000009b84c       0x14 
 .text          0x000000000009b860      0x1f8 C:\Users\dennis\Downloads\RetroArch-ARM-1.15.5\baremetal\build-node\boottest\lib\libcircle.a(3ce0ecd9be59_bcmmailbox.cpp.o)
                0x000000000009b860                CBcmMailBox::CBcmMailBox(unsigned int, bool)
                0x000000000009b860                CBcmMailBox::CBcmMailBox(unsigned int, bool)
                0x000000000009b86c                CBcmMailBox::~CBcmMailBox()
                0x000000000009b86c                CBcmMailBox::~CBcmMailBox()
                0x000000000009b870                CBcmMailBox::WriteRead(unsigned int)
                0x000000000009b980                CBcmMailBox::Flush()
                0x000000000009b9c0                CBcmMailBox::Read()
                0x000000000009ba00                CBcmMailBox::Write(unsigned int)
 *fill*         0x000000000009ba58        0x8 
 .text.startup  0x000000000009ba60        0xc C:\Users\dennis\Downloads\RetroArch-ARM-1.15.5\baremetal\build-node\boottest\lib\libcircle.a(3ce0ecd9be59_bcmmailbox.cpp.o)
 *fill*         0x000000000009ba6c       0x14 
 .text          0x000000000009ba80      0x11c C:\Users\dennis\Downloads\RetroArch-ARM-1.15.5\baremetal\build-node\boottest\lib\libcircle.a(ac9fa7e02f9b_chargenerator.cpp.o)
                0x000000000009ba80                CCharGenerator::CCharGenerator(TFont const&, CCharGenerator::TFontFlags)
                0x000000000009ba80                CCharGenerator::CCharGenerator(TFont const&, CCharGenerator::TFontFlags)
                0x000000000009bac8                CCharGenerator::GetPixelLine(char, unsigned int) const
                0x000000000009bb9c                _etext = .

.iplt           0x000000000009bb9c        0x0
 .iplt          0x000000000009bb9c        0x0 C:\Users\dennis\Downloads\RetroArch-ARM-1.15.5\baremetal\build-node\boottest\obj\784a66f1e1f1_boottest_main.cpp.o

.rodata         0x000000000009bba0     0x4800
 *(.rodata*)
 .rodata        0x000000000009bba0      0x157 C:\Users\dennis\Downloads\RetroArch-ARM-1.15.5\baremetal\build-node\boottest\obj\784a66f1e1f1_boottest_main.cpp.o
 *fill*         0x000000000009bcf7        0x1 
 .rodata.str1.8
                0x000000000009bcf8      0xd93 C:\Users\dennis\Downloads\RetroArch-ARM-1.15.5\baremetal\build-node\boottest\lib\libcircle.a(ed7018f1e476_devicenameservice.cpp.o)
                                        0x11a (size before relaxing)
 .rodata.str1.8
                0x000000000009ca8b        0x0 C:\Users\dennis\Downloads\RetroArch-ARM-1.15.5\baremetal\build-node\boottest\lib\libcircle.a(0bf1500346a1_koptions.cpp.o)
                                        0x10a (size before relaxing)
 *fill*         0x000000000009ca8b        0x5 
 .rodata        0x000000000009ca90        0x2 C:\Users\dennis\Downloads\RetroArch-ARM-1.15.5\baremetal\build-node\boottest\lib\libcircle.a(0bf1500346a1_koptions.cpp.o)
 *fill*         0x000000000009ca92        0x6 
 .rodata        0x000000000009ca98       0xac C:\Users\dennis\Downloads\RetroArch-ARM-1.15.5\baremetal\build-node\boottest\lib\libcircle.a(f7f6f30f8da9_logger.cpp.o)
 *fill*         0x000000000009cb44        0xc 
 .rodata        0x000000000009cb50      0x9fc C:\Users\dennis\Downloads\RetroArch-ARM-1.15.5\baremetal\build-node\boottest\lib\libcircle.a(2deec8bcc2fb_machineinfo.cpp.o)
 *fill*         0x000000000009d54c        0x4 
 .rodata._ZTV13CScreenDevice
                0x000000000009d550       0x50 C:\Users\dennis\Downloads\RetroArch-ARM-1.15.5\baremetal\build-node\boottest\lib\libcircle.a(cf05b0984ecd_screen.cpp.o)
                0x000000000009d550                vtable for CScreenDevice
 .rodata        0x000000000009d5a0       0x10 C:\Users\dennis\Downloads\RetroArch-ARM-1.15.5\baremetal\build-node\boottest\lib\libcircle.a(cf05b0984ecd_screen.cpp.o)
 .rodata._ZTV13CSerialDevice
                0x000000000009d5b0       0x50 C:\Users\dennis\Downloads\RetroArch-ARM-1.15.5\baremetal\build-node\boottest\lib\libcircle.a(88c0bc17c6cd_serial.cpp.o)
                0x000000000009d5b0                vtable for CSerialDevice
 .rodata        0x000000000009d600      0x300 C:\Users\dennis\Downloads\RetroArch-ARM-1.15.5\baremetal\build-node\boottest\lib\libcircle.a(88c0bc17c6cd_serial.cpp.o)
 .rodata.str1.8
                0x000000000009d900        0x0 C:\Users\dennis\Downloads\RetroArch-ARM-1.15.5\baremetal\build-node\boottest\lib\libcircle.a(450a97e8f245_string.cpp.o)
                                         0x23 (size before relaxing)
 .rodata._ZTV7CString
                0x000000000009d900       0x20 C:\Users\dennis\Downloads\RetroArch-ARM-1.15.5\baremetal\build-node\boottest\lib\libcircle.a(450a97e8f245_string.cpp.o)
                0x000000000009d900                vtable for CString
 .rodata.str1.8
                0x000000000009d920        0x0 C:\Users\dennis\Downloads\RetroArch-ARM-1.15.5\baremetal\build-node\boottest\lib\libcircle.a(e00bfda343c3_sysinit.cpp.o)
                                          0x3 (size before relaxing)
 .rodata.str1.8
                0x000000000009d920        0x0 C:\Users\dennis\Downloads\RetroArch-ARM-1.15.5\baremetal\build-node\boottest\lib\libcircle.a(a8f029ce038d_timer.cpp.o)
                                        0x274 (size before relaxing)
 .rodata        0x000000000009d920       0x40 C:\Users\dennis\Downloads\RetroArch-ARM-1.15.5\baremetal\build-node\boottest\lib\libcircle.a(a8f029ce038d_timer.cpp.o)
                0x000000000009d930                CTimer::s_nDaysOfMonth
 .rodata.cst16  0x000000000009d960      0x1f0 C:\Users\dennis\Downloads\RetroArch-ARM-1.15.5\baremetal\build-node\boottest\lib\libcircle.a(47303b236bf1_util.cpp.o)
                                         0x50 (size before relaxing)
 .rodata        0x000000000009db50       0x6b C:\Users\dennis\Downloads\RetroArch-ARM-1.15.5\baremetal\build-node\boottest\lib\libcircle.a(ae54c3cb4912_new.cpp.o)
 .rodata.str1.8
                0x000000000009dbbb        0x0 C:\Users\dennis\Downloads\RetroArch-ARM-1.15.5\baremetal\build-node\boottest\lib\libcircle.a(9e83ddb3ab83_heapallocator.cpp.o)
                                         0xef (size before relaxing)
 *fill*         0x000000000009dbbb        0x5 
 .rodata        0x000000000009dbc0      0xe10 C:\Users\dennis\Downloads\RetroArch-ARM-1.15.5\baremetal\build-node\boottest\lib\libcircle.a(26a0659a99d7_font8x16.cpp.o)
                0x000000000009dbc0                Font8x16
 .rodata.str1.8
                0x000000000009e9d0        0x0 C:\Users\dennis\Downloads\RetroArch-ARM-1.15.5\baremetal\build-node\boottest\lib\libcircle.a(cf0a47a6dd2b_exceptionhandler64.cpp.o)
                                        0x115 (size before relaxing)
 .rodata._ZTV17CExceptionHandler
                0x000000000009e9d0       0x28 C:\Users\dennis\Downloads\RetroArch-ARM-1.15.5\baremetal\build-node\boottest\lib\libcircle.a(cf0a47a6dd2b_exceptionhandler64.cpp.o)
                0x000000000009e9d0                vtable for CExceptionHandler
 .rodata        0x000000000009e9f8        0x7 C:\Users\dennis\Downloads\RetroArch-ARM-1.15.5\baremetal\build-node\boottest\lib\libcircle.a(cf0a47a6dd2b_exceptionhandler64.cpp.o)
 *fill*         0x000000000009e9ff        0x1 
 .rodata        0x000000000009ea00       0xb9 C:\Users\dennis\Downloads\RetroArch-ARM-1.15.5\baremetal\build-node\boottest\lib\libcircle.a(98e2bc0db7af_memory64.cpp.o)
 .rodata.str1.8
                0x000000000009eab9        0x0 C:\Users\dennis\Downloads\RetroArch-ARM-1.15.5\baremetal\build-node\boottest\lib\libcircle.a(dbd0b05881a2_synchronize64.cpp.o)
                                         0xf5 (size before relaxing)
 .rodata.str1.8
                0x000000000009eab9        0x0 C:\Users\dennis\Downloads\RetroArch-ARM-1.15.5\baremetal\build-node\boottest\lib\libcircle.a(ffdd736dfdab_translationtable64.cpp.o)
                                         0x74 (size before relaxing)
 *fill*         0x000000000009eab9        0x7 
 .rodata        0x000000000009eac0      0x1d3 C:\Users\dennis\Downloads\RetroArch-ARM-1.15.5\baremetal\build-node\boottest\lib\libcircle.a(4eab1cbd9bbc_interruptgic.cpp.o)
 .rodata.str1.8
                0x000000000009ec93        0x0 C:\Users\dennis\Downloads\RetroArch-ARM-1.15.5\baremetal\build-node\boottest\lib\libcircle.a(4f21472e9574_devicetreeblob.cpp.o)
                                        0x131 (size before relaxing)
 *fill*         0x000000000009ec93        0x5 
 .rodata        0x000000000009ec98        0x4 C:\Users\dennis\Downloads\RetroArch-ARM-1.15.5\baremetal\build-node\boottest\lib\libcircle.a(4f21472e9574_devicetreeblob.cpp.o)
 *fill*         0x000000000009ec9c        0x4 
 .rodata        0x000000000009eca0      0x1dd C:\Users\dennis\Downloads\RetroArch-ARM-1.15.5\baremetal\build-node\boottest\lib\libcircle.a(edbbae85f3d2_southbridge.cpp.o)
 *fill*         0x000000000009ee7d        0x3 
 .rodata        0x000000000009ee80      0x49a C:\Users\dennis\Downloads\RetroArch-ARM-1.15.5\baremetal\build-node\boottest\lib\libcircle.a(9be751402f52_gpiopin2712.cpp.o)
 *fill*         0x000000000009f31a        0x6 
 .rodata        0x000000000009f320       0x79 C:\Users\dennis\Downloads\RetroArch-ARM-1.15.5\baremetal\build-node\boottest\lib\libcircle.a(2e0a74312164_alloc.cpp.o)
 .rodata.str1.8
                0x000000000009f399        0x0 C:\Users\dennis\Downloads\RetroArch-ARM-1.15.5\baremetal\build-node\boottest\lib\libcircle.a(5451a23d0566_assert.cpp.o)
                                         0x1d (size before relaxing)
 *fill*         0x000000000009f399        0x7 
 .rodata._ZTV15CBcmFrameBuffer
                0x000000000009f3a0       0x60 C:\Users\dennis\Downloads\RetroArch-ARM-1.15.5\baremetal\build-node\boottest\lib\libcircle.a(39ff5e494112_bcmframebuffer.cpp.o)
                0x000000000009f3a0                vtable for CBcmFrameBuffer
 .rodata        0x000000000009f400       0x70 C:\Users\dennis\Downloads\RetroArch-ARM-1.15.5\baremetal\build-node\boottest\lib\libcircle.a(39ff5e494112_bcmframebuffer.cpp.o)
                0x000000000009f400                CBcmFrameBuffer::s_InitTags
 .rodata        0x000000000009f470       0xd9 C:\Users\dennis\Downloads\RetroArch-ARM-1.15.5\baremetal\build-node\boottest\lib\libcircle.a(6ee851cdb77c_bcmpropertytags.cpp.o)
 .rodata.str1.8
                0x000000000009f549        0x0 C:\Users\dennis\Downloads\RetroArch-ARM-1.15.5\baremetal\build-node\boottest\lib\libcircle.a(62bf4262971a_debug.cpp.o)
                                         0x5c (size before relaxing)
 *fill*         0x000000000009f549        0x7 
 .rodata        0x000000000009f550        0x6 C:\Users\dennis\Downloads\RetroArch-ARM-1.15.5\baremetal\build-node\boottest\lib\libcircle.a(62bf4262971a_debug.cpp.o)
 .rodata.str1.8
                0x000000000009f556        0x0 C:\Users\dennis\Downloads\RetroArch-ARM-1.15.5\baremetal\build-node\boottest\lib\libcircle.a(ac6c25bc8dae_device.cpp.o)
                                         0xc6 (size before relaxing)
 *fill*         0x000000000009f556        0x2 
 .rodata._ZTV7CDevice
                0x000000000009f558       0x50 C:\Users\dennis\Downloads\RetroArch-ARM-1.15.5\baremetal\build-node\boottest\lib\libcircle.a(ac6c25bc8dae_device.cpp.o)
                0x000000000009f558                vtable for CDevice
 .rodata        0x000000000009f5a8      0x4fc C:\Users\dennis\Downloads\RetroArch-ARM-1.15.5\baremetal\build-node\boottest\lib\libcircle.a(9750d335add9_dmachannel.cpp.o)
 .rodata.str1.8
                0x000000000009faa4        0x0 C:\Users\dennis\Downloads\RetroArch-ARM-1.15.5\baremetal\build-node\boottest\lib\libcircle.a(ce7f02d453fa_ptrlist.cpp.o)
                                        0x1ca (size before relaxing)
 *fill*         0x000000000009faa4        0x4 
 .rodata        0x000000000009faa8       0xdc C:\Users\dennis\Downloads\RetroArch-ARM-1.15.5\baremetal\build-node\boottest\lib\libcircle.a(b8b618d643db_terminal.cpp.o)
 *fill*         0x000000000009fb84        0x4 
 .rodata._ZTV15CTerminalDevice
                0x000000000009fb88       0x50 C:\Users\dennis\Downloads\RetroArch-ARM-1.15.5\baremetal\build-node\boottest\lib\libcircle.a(b8b618d643db_terminal.cpp.o)
                0x000000000009fb88                vtable for CTerminalDevice
 .rodata        0x000000000009fbd8       0x84 C:\Users\dennis\Downloads\RetroArch-ARM-1.15.5\baremetal\build-node\boottest\lib\libcircle.a(6fd9639b4221_pageallocator.cpp.o)
 *fill*         0x000000000009fc5c        0x4 
 .rodata        0x000000000009fc60      0x34c C:\Users\dennis\Downloads\RetroArch-ARM-1.15.5\baremetal\build-node\boottest\lib\libcircle.a(d787fe77b090_bcmpciehostbridge.cpp.o)
 *fill*         0x000000000009ffac        0x4 
 .rodata        0x000000000009ffb0      0x36e C:\Users\dennis\Downloads\RetroArch-ARM-1.15.5\baremetal\build-node\boottest\lib\libcircle.a(17a4fe325f9b_dma4channel.cpp.o)
 .rodata.str1.8
                0x00000000000a031e        0x0 C:\Users\dennis\Downloads\RetroArch-ARM-1.15.5\baremetal\build-node\boottest\lib\libcircle.a(d85f8d6c437c_gpiomanager2712.cpp.o)
                                         0xf4 (size before relaxing)
 .rodata.cst16  0x00000000000a031e        0x0 C:\Users\dennis\Downloads\RetroArch-ARM-1.15.5\baremetal\build-node\boottest\lib\libcircle.a(d85f8d6c437c_gpiomanager2712.cpp.o)
                                        0x1a0 (size before relaxing)
 *fill*         0x00000000000a031e        0x2 
 .rodata        0x00000000000a0320        0xc C:\Users\dennis\Downloads\RetroArch-ARM-1.15.5\baremetal\build-node\boottest\lib\libcircle.a(d85f8d6c437c_gpiomanager2712.cpp.o)
 .rodata        0x00000000000a032c        0xf C:\Users\dennis\Downloads\RetroArch-ARM-1.15.5\baremetal\build-node\boottest\lib\libcircle.a(9a17b4b4dea8_display.cpp.o)
 *fill*         0x00000000000a033b        0x5 
 .rodata._ZTV8CDisplay
                0x00000000000a0340       0x60 C:\Users\dennis\Downloads\RetroArch-ARM-1.15.5\baremetal\build-node\boottest\lib\libcircle.a(9a17b4b4dea8_display.cpp.o)
                0x00000000000a0340                vtable for CDisplay
 .rodata.str1.8
                0x00000000000a03a0        0x0 C:\Users\dennis\Downloads\RetroArch-ARM-1.15.5\baremetal\build-node\boottest\lib\libcircle.a(3ce0ecd9be59_bcmmailbox.cpp.o)
                                         0x63 (size before relaxing)

.rela.dyn       0x00000000000a03a0        0x0
 .rela.iplt     0x00000000000a03a0        0x0 C:\Users\dennis\Downloads\RetroArch-ARM-1.15.5\baremetal\build-node\boottest\obj\784a66f1e1f1_boottest_main.cpp.o
 .rela.text     0x00000000000a03a0        0x0 C:\Users\dennis\Downloads\RetroArch-ARM-1.15.5\baremetal\build-node\boottest\obj\784a66f1e1f1_boottest_main.cpp.o
 .rela.rodata._ZTV8CDisplay
                0x00000000000a03a0        0x0 C:\Users\dennis\Downloads\RetroArch-ARM-1.15.5\baremetal\build-node\boottest\obj\784a66f1e1f1_boottest_main.cpp.o

.init_array     0x00000000000a03a0       0x10
                0x00000000000a03a0                __init_start = .
 *(.init_array*)
 .init_array    0x00000000000a03a0        0x8 C:\Users\dennis\Downloads\RetroArch-ARM-1.15.5\baremetal\build-node\boottest\lib\libcircle.a(9be751402f52_gpiopin2712.cpp.o)
 .init_array    0x00000000000a03a8        0x8 C:\Users\dennis\Downloads\RetroArch-ARM-1.15.5\baremetal\build-node\boottest\lib\libcircle.a(3ce0ecd9be59_bcmmailbox.cpp.o)
                0x00000000000a03b0                __init_end = .

.ARM.exidx      0x00000000000a03b0        0x0
                0x00000000000a03b0                __exidx_start = .
 *(.ARM.exidx*)
                0x00000000000a03b0                __exidx_end = .

.eh_frame_hdr   0x00000000000a03b0        0x0
                0x00000000000a03b0                __eh_frame_hdr_start = .
 *(.eh_frame_hdr)
 *(.eh_frame_hdr.*)
                0x00000000000a03b0                __eh_frame_hdr_end = .

.eh_frame       0x00000000000a03b0        0x0
                0x00000000000a03b0                __eh_frame_start = .
 *(.eh_frame)
 *(.eh_frame.*)
                0x00000000000a03b0                __eh_frame_end = .

.data           0x00000000000a03b0      0x158
 *(.data*)
 .data          0x00000000000a03b0       0x36 C:\Users\dennis\Downloads\RetroArch-ARM-1.15.5\baremetal\build-node\boottest\lib\libcircle.a(ed7018f1e476_devicenameservice.cpp.o)
 *fill*         0x00000000000a03e6        0xa 
 .data          0x00000000000a03f0       0x2c C:\Users\dennis\Downloads\RetroArch-ARM-1.15.5\baremetal\build-node\boottest\lib\libcircle.a(88c0bc17c6cd_serial.cpp.o)
 *fill*         0x00000000000a041c        0x4 
 .data          0x00000000000a0420       0x60 C:\Users\dennis\Downloads\RetroArch-ARM-1.15.5\baremetal\build-node\boottest\lib\libcircle.a(a8f029ce038d_timer.cpp.o)
                0x00000000000a0420                CTimer::s_pMonthName
 .data          0x00000000000a0480       0x1c C:\Users\dennis\Downloads\RetroArch-ARM-1.15.5\baremetal\build-node\boottest\lib\libcircle.a(9e83ddb3ab83_heapallocator.cpp.o)
                0x00000000000a0480                CHeapAllocator::s_nBucketSize
 *fill*         0x00000000000a049c        0x4 
 .data          0x00000000000a04a0       0x18 C:\Users\dennis\Downloads\RetroArch-ARM-1.15.5\baremetal\build-node\boottest\lib\libcircle.a(cf0a47a6dd2b_exceptionhandler64.cpp.o)
                0x00000000000a04a0                CExceptionHandler::s_pExceptionName
 *fill*         0x00000000000a04b8        0x8 
 .data          0x00000000000a04c0       0x20 C:\Users\dennis\Downloads\RetroArch-ARM-1.15.5\baremetal\build-node\boottest\lib\libcircle.a(9be751402f52_gpiopin2712.cpp.o)
                0x00000000000a04c0                CGPIOPin::s_nInterruptMap
 .data          0x00000000000a04e0        0x4 C:\Users\dennis\Downloads\RetroArch-ARM-1.15.5\baremetal\build-node\boottest\lib\libcircle.a(39ff5e494112_bcmframebuffer.cpp.o)
                0x00000000000a04e0                CBcmFrameBuffer::s_nCurrentDisplay
 *fill*         0x00000000000a04e4        0x4 
 .data          0x00000000000a04e8       0x20 C:\Users\dennis\Downloads\RetroArch-ARM-1.15.5\baremetal\build-node\boottest\lib\libcircle.a(3fea52ff7acc_exceptionstub64.S.o)
                0x00000000000a04e8                FIQData
                0x00000000000a0500                IRQReturnAddress

.igot.plt       0x00000000000a0508        0x0
 .igot.plt      0x00000000000a0508        0x0 C:\Users\dennis\Downloads\RetroArch-ARM-1.15.5\baremetal\build-node\boottest\obj\784a66f1e1f1_boottest_main.cpp.o

.tdata          0x00000000000a0508        0x0
                0x00000000000a0508                __tdata_start = .
 *(.tdata .tdata.*)
                0x00000000000a0508                __tdata_end = .

.bss            0x00000000000a0510      0x264
                0x00000000000a0510                __bss_start = .
 *(.bss*)
 .bss           0x00000000000a0510        0x8 C:\Users\dennis\Downloads\RetroArch-ARM-1.15.5\baremetal\build-node\boottest\lib\libcircle.a(ea44136466a5_actled.cpp.o)
                0x00000000000a0510                CActLED::s_pThis
 .bss           0x00000000000a0518        0x8 C:\Users\dennis\Downloads\RetroArch-ARM-1.15.5\baremetal\build-node\boottest\lib\libcircle.a(ed7018f1e476_devicenameservice.cpp.o)
                0x00000000000a0518                CDeviceNameService::s_This
 .bss           0x00000000000a0520        0x8 C:\Users\dennis\Downloads\RetroArch-ARM-1.15.5\baremetal\build-node\boottest\lib\libcircle.a(0bf1500346a1_koptions.cpp.o)
                0x00000000000a0520                CKernelOptions::s_pThis
 .bss           0x00000000000a0528        0x8 C:\Users\dennis\Downloads\RetroArch-ARM-1.15.5\baremetal\build-node\boottest\lib\libcircle.a(f7f6f30f8da9_logger.cpp.o)
                0x00000000000a0528                CLogger::s_pThis
 .bss           0x00000000000a0530        0x8 C:\Users\dennis\Downloads\RetroArch-ARM-1.15.5\baremetal\build-node\boottest\lib\libcircle.a(2deec8bcc2fb_machineinfo.cpp.o)
                0x00000000000a0530                CMachineInfo::s_pThis
 *fill*         0x00000000000a0538        0x8 
 .bss           0x00000000000a0540       0x79 C:\Users\dennis\Downloads\RetroArch-ARM-1.15.5\baremetal\build-node\boottest\lib\libcircle.a(88c0bc17c6cd_serial.cpp.o)
                0x00000000000a0540                CSerialDevice::s_nInterruptDeviceMask
                0x00000000000a0548                CSerialDevice::s_pInterruptSystem
                0x00000000000a0550                CSerialDevice::s_nInterruptUseCount
                0x00000000000a0560                CSerialDevice::s_pThis
                0x00000000000a05b8                CSerialDevice::s_bUseFIQ
 *fill*         0x00000000000a05b9        0x7 
 .bss           0x00000000000a05c0       0x20 C:\Users\dennis\Downloads\RetroArch-ARM-1.15.5\baremetal\build-node\boottest\lib\libcircle.a(e00bfda343c3_sysinit.cpp.o)
                0x00000000000a05c8                circle_version_string
                0x00000000000a05d8                __dso_handle
 .bss           0x00000000000a05e0        0x8 C:\Users\dennis\Downloads\RetroArch-ARM-1.15.5\baremetal\build-node\boottest\lib\libcircle.a(a8f029ce038d_timer.cpp.o)
                0x00000000000a05e0                CTimer::s_pThis
 .bss           0x00000000000a05e8       0x10 C:\Users\dennis\Downloads\RetroArch-ARM-1.15.5\baremetal\build-node\boottest\lib\libcircle.a(5351eb9660b9_chainboot.cpp.o)
 .bss           0x00000000000a05f8        0x8 C:\Users\dennis\Downloads\RetroArch-ARM-1.15.5\baremetal\build-node\boottest\lib\libcircle.a(cf0a47a6dd2b_exceptionhandler64.cpp.o)
                0x00000000000a05f8                CExceptionHandler::s_pThis
 .bss           0x00000000000a0600        0x8 C:\Users\dennis\Downloads\RetroArch-ARM-1.15.5\baremetal\build-node\boottest\lib\libcircle.a(98e2bc0db7af_memory64.cpp.o)
                0x00000000000a0600                CMemorySystem::s_pThis
 *fill*         0x00000000000a0608        0x8 
 .bss           0x00000000000a0610       0xb0 C:\Users\dennis\Downloads\RetroArch-ARM-1.15.5\baremetal\build-node\boottest\lib\libcircle.a(dbd0b05881a2_synchronize64.cpp.o)
 .bss           0x00000000000a06c0        0x8 C:\Users\dennis\Downloads\RetroArch-ARM-1.15.5\baremetal\build-node\boottest\lib\libcircle.a(4eab1cbd9bbc_interruptgic.cpp.o)
                0x00000000000a06c0                CInterruptSystem::s_pThis
 .bss           0x00000000000a06c8        0x9 C:\Users\dennis\Downloads\RetroArch-ARM-1.15.5\baremetal\build-node\boottest\lib\libcircle.a(edbbae85f3d2_southbridge.cpp.o)
                0x00000000000a06c8                CSouthbridge::s_pThis
                0x00000000000a06d0                CSouthbridge::s_bIsInitialized
 *fill*         0x00000000000a06d1        0x7 
 .bss           0x00000000000a06d8        0x4 C:\Users\dennis\Downloads\RetroArch-ARM-1.15.5\baremetal\build-node\boottest\lib\libcircle.a(9be751402f52_gpiopin2712.cpp.o)
                0x00000000000a06d8                CGPIOPin::s_SpinLock
 .bss           0x00000000000a06dc        0x4 C:\Users\dennis\Downloads\RetroArch-ARM-1.15.5\baremetal\build-node\boottest\lib\libcircle.a(39ff5e494112_bcmframebuffer.cpp.o)
                0x00000000000a06dc                CBcmFrameBuffer::s_nDisplays
 .bss           0x00000000000a06e0       0x80 C:\Users\dennis\Downloads\RetroArch-ARM-1.15.5\baremetal\build-node\boottest\lib\libcircle.a(3fea52ff7acc_exceptionstub64.S.o)
 .bss           0x00000000000a0760       0x10 C:\Users\dennis\Downloads\RetroArch-ARM-1.15.5\baremetal\build-node\boottest\lib\libcircle.a(d787fe77b090_bcmpciehostbridge.cpp.o)
                0x00000000000a0760                CBcmPCIeHostBridge::s_nDMAAddress
 .bss           0x00000000000a0770        0x4 C:\Users\dennis\Downloads\RetroArch-ARM-1.15.5\baremetal\build-node\boottest\lib\libcircle.a(3ce0ecd9be59_bcmmailbox.cpp.o)
                0x00000000000a0770                CBcmMailBox::s_SpinLock
 *(COMMON)
                0x00000000000a0774                __bss_end = .

.tbss           0x00000000000a0778        0x0
                0x00000000000a0778                __tbss_start = .
 *(.tbss .tbss.*)
                0x00000000000a0778                __tbss_end = .
                0x00000000000a0778                _end = .
LOAD C:\Users\dennis\Downloads\RetroArch-ARM-1.15.5\baremetal\build-node\boottest\obj\784a66f1e1f1_boottest_main.cpp.o
START GROUP
LOAD C:\Users\dennis\Downloads\RetroArch-ARM-1.15.5\baremetal\build-node\boottest\lib\libsdcard.a
LOAD C:\Users\dennis\Downloads\RetroArch-ARM-1.15.5\baremetal\build-node\boottest\lib\libsound.a
LOAD C:\Users\dennis\Downloads\RetroArch-ARM-1.15.5\baremetal\build-node\boottest\lib\libusb.a
LOAD C:\Users\dennis\Downloads\RetroArch-ARM-1.15.5\baremetal\build-node\boottest\lib\libinput.a
LOAD C:\Users\dennis\Downloads\RetroArch-ARM-1.15.5\baremetal\build-node\boottest\lib\libfatfs.a
LOAD C:\Users\dennis\Downloads\RetroArch-ARM-1.15.5\baremetal\build-node\boottest\lib\libfs.a
LOAD C:\Users\dennis\Downloads\RetroArch-ARM-1.15.5\baremetal\build-node\boottest\lib\libcircle.a
LOAD C:/Users/dennis/Documents/GitHub/MINERVA_closed/fantasy-pi/toolchain/aarch64-none-elf/bin/../lib/gcc/aarch64-none-elf/15.2.1/libgcc.a
LOAD C:/Users/dennis/Documents/GitHub/MINERVA_closed/fantasy-pi/toolchain/aarch64-none-elf/bin/../lib/gcc/aarch64-none-elf/15.2.1/../../../../aarch64-none-elf/lib/libm.a
END GROUP
OUTPUT(C:\Users\dennis\Downloads\RetroArch-ARM-1.15.5\baremetal\build-node\boottest\kernel_2712.elf elf64-littleaarch64)
LOAD linker stubs

.debug_info     0x0000000000000000    0x4e145
 .debug_info    0x0000000000000000     0x266f C:\Users\dennis\Downloads\RetroArch-ARM-1.15.5\baremetal\build-node\boottest\obj\784a66f1e1f1_boottest_main.cpp.o
 .debug_info    0x000000000000266f     0x1714 C:\Users\dennis\Downloads\RetroArch-ARM-1.15.5\baremetal\build-node\boottest\lib\libcircle.a(ea44136466a5_actled.cpp.o)
 .debug_info    0x0000000000003d83     0x158f C:\Users\dennis\Downloads\RetroArch-ARM-1.15.5\baremetal\build-node\boottest\lib\libcircle.a(ed7018f1e476_devicenameservice.cpp.o)
 .debug_info    0x0000000000005312     0x1f7f C:\Users\dennis\Downloads\RetroArch-ARM-1.15.5\baremetal\build-node\boottest\lib\libcircle.a(0bf1500346a1_koptions.cpp.o)
 .debug_info    0x0000000000007291     0x29e9 C:\Users\dennis\Downloads\RetroArch-ARM-1.15.5\baremetal\build-node\boottest\lib\libcircle.a(f7f6f30f8da9_logger.cpp.o)
 .debug_info    0x0000000000009c7a     0x2d35 C:\Users\dennis\Downloads\RetroArch-ARM-1.15.5\baremetal\build-node\boottest\lib\libcircle.a(2deec8bcc2fb_machineinfo.cpp.o)
 .debug_info    0x000000000000c9af     0x1620 C:\Users\dennis\Downloads\RetroArch-ARM-1.15.5\baremetal\build-node\boottest\lib\libcircle.a(cf05b0984ecd_screen.cpp.o)
 .debug_info    0x000000000000dfcf     0x38ae C:\Users\dennis\Downloads\RetroArch-ARM-1.15.5\baremetal\build-node\boottest\lib\libcircle.a(88c0bc17c6cd_serial.cpp.o)
 .debug_info    0x000000000001187d     0x3eba C:\Users\dennis\Downloads\RetroArch-ARM-1.15.5\baremetal\build-node\boottest\lib\libcircle.a(450a97e8f245_string.cpp.o)
 .debug_info    0x0000000000015737     0x2c8b C:\Users\dennis\Downloads\RetroArch-ARM-1.15.5\baremetal\build-node\boottest\lib\libcircle.a(e00bfda343c3_sysinit.cpp.o)
 .debug_info    0x00000000000183c2     0x2ec2 C:\Users\dennis\Downloads\RetroArch-ARM-1.15.5\baremetal\build-node\boottest\lib\libcircle.a(a8f029ce038d_timer.cpp.o)
 .debug_info    0x000000000001b284      0xb58 C:\Users\dennis\Downloads\RetroArch-ARM-1.15.5\baremetal\build-node\boottest\lib\libcircle.a(47303b236bf1_util.cpp.o)
 .debug_info    0x000000000001bddc       0x29 C:\Users\dennis\Downloads\RetroArch-ARM-1.15.5\baremetal\build-node\boottest\lib\libcircle.a(8a0f27c30563_util_fast.S.o)
 .debug_info    0x000000000001be05      0x288 C:\Users\dennis\Downloads\RetroArch-ARM-1.15.5\baremetal\build-node\boottest\lib\libcircle.a(5351eb9660b9_chainboot.cpp.o)
 .debug_info    0x000000000001c08d     0x11d8 C:\Users\dennis\Downloads\RetroArch-ARM-1.15.5\baremetal\build-node\boottest\lib\libcircle.a(ae54c3cb4912_new.cpp.o)
 .debug_info    0x000000000001d265     0x231e C:\Users\dennis\Downloads\RetroArch-ARM-1.15.5\baremetal\build-node\boottest\lib\libcircle.a(9e83ddb3ab83_heapallocator.cpp.o)
 .debug_info    0x000000000001f583       0xeb C:\Users\dennis\Downloads\RetroArch-ARM-1.15.5\baremetal\build-node\boottest\lib\libcircle.a(26a0659a99d7_font8x16.cpp.o)
 .debug_info    0x000000000001f66e     0x14d9 C:\Users\dennis\Downloads\RetroArch-ARM-1.15.5\baremetal\build-node\boottest\lib\libcircle.a(cf0a47a6dd2b_exceptionhandler64.cpp.o)
 .debug_info    0x0000000000020b47     0x1bfd C:\Users\dennis\Downloads\RetroArch-ARM-1.15.5\baremetal\build-node\boottest\lib\libcircle.a(98e2bc0db7af_memory64.cpp.o)
 .debug_info    0x0000000000022744       0x29 C:\Users\dennis\Downloads\RetroArch-ARM-1.15.5\baremetal\build-node\boottest\lib\libcircle.a(6f8d2d1fd77b_startup64.S.o)
 .debug_info    0x000000000002276d      0x616 C:\Users\dennis\Downloads\RetroArch-ARM-1.15.5\baremetal\build-node\boottest\lib\libcircle.a(dbd0b05881a2_synchronize64.cpp.o)
 .debug_info    0x0000000000022d83      0x696 C:\Users\dennis\Downloads\RetroArch-ARM-1.15.5\baremetal\build-node\boottest\lib\libcircle.a(ffdd736dfdab_translationtable64.cpp.o)
 .debug_info    0x0000000000023419     0x3863 C:\Users\dennis\Downloads\RetroArch-ARM-1.15.5\baremetal\build-node\boottest\lib\libcircle.a(4eab1cbd9bbc_interruptgic.cpp.o)
 .debug_info    0x0000000000026c7c     0x1d7f C:\Users\dennis\Downloads\RetroArch-ARM-1.15.5\baremetal\build-node\boottest\lib\libcircle.a(4f21472e9574_devicetreeblob.cpp.o)
 .debug_info    0x00000000000289fb     0x2571 C:\Users\dennis\Downloads\RetroArch-ARM-1.15.5\baremetal\build-node\boottest\lib\libcircle.a(edbbae85f3d2_southbridge.cpp.o)
 .debug_info    0x000000000002af6c     0x5436 C:\Users\dennis\Downloads\RetroArch-ARM-1.15.5\baremetal\build-node\boottest\lib\libcircle.a(9be751402f52_gpiopin2712.cpp.o)
 .debug_info    0x00000000000303a2      0xf4a C:\Users\dennis\Downloads\RetroArch-ARM-1.15.5\baremetal\build-node\boottest\lib\libcircle.a(2e0a74312164_alloc.cpp.o)
 .debug_info    0x00000000000312ec      0xfb9 C:\Users\dennis\Downloads\RetroArch-ARM-1.15.5\baremetal\build-node\boottest\lib\libcircle.a(5451a23d0566_assert.cpp.o)
 .debug_info    0x00000000000322a5     0x3181 C:\Users\dennis\Downloads\RetroArch-ARM-1.15.5\baremetal\build-node\boottest\lib\libcircle.a(39ff5e494112_bcmframebuffer.cpp.o)
 .debug_info    0x0000000000035426     0x11a0 C:\Users\dennis\Downloads\RetroArch-ARM-1.15.5\baremetal\build-node\boottest\lib\libcircle.a(6ee851cdb77c_bcmpropertytags.cpp.o)
 .debug_info    0x00000000000365c6     0x15d6 C:\Users\dennis\Downloads\RetroArch-ARM-1.15.5\baremetal\build-node\boottest\lib\libcircle.a(62bf4262971a_debug.cpp.o)
 .debug_info    0x0000000000037b9c       0x28 C:\Users\dennis\Downloads\RetroArch-ARM-1.15.5\baremetal\build-node\boottest\lib\libcircle.a(61a38dd7fa59_delayloop.S.o)
 .debug_info    0x0000000000037bc4      0xf15 C:\Users\dennis\Downloads\RetroArch-ARM-1.15.5\baremetal\build-node\boottest\lib\libcircle.a(ac6c25bc8dae_device.cpp.o)
 .debug_info    0x0000000000038ad9     0x35e2 C:\Users\dennis\Downloads\RetroArch-ARM-1.15.5\baremetal\build-node\boottest\lib\libcircle.a(9750d335add9_dmachannel.cpp.o)
 .debug_info    0x000000000003c0bb      0x91b C:\Users\dennis\Downloads\RetroArch-ARM-1.15.5\baremetal\build-node\boottest\lib\libcircle.a(ce7f02d453fa_ptrlist.cpp.o)
 .debug_info    0x000000000003c9d6     0x53e6 C:\Users\dennis\Downloads\RetroArch-ARM-1.15.5\baremetal\build-node\boottest\lib\libcircle.a(b8b618d643db_terminal.cpp.o)
 .debug_info    0x0000000000041dbc      0x5fd C:\Users\dennis\Downloads\RetroArch-ARM-1.15.5\baremetal\build-node\boottest\lib\libcircle.a(6fd9639b4221_pageallocator.cpp.o)
 .debug_info    0x00000000000423b9       0x29 C:\Users\dennis\Downloads\RetroArch-ARM-1.15.5\baremetal\build-node\boottest\lib\libcircle.a(3fea52ff7acc_exceptionstub64.S.o)
 .debug_info    0x00000000000423e2     0x6932 C:\Users\dennis\Downloads\RetroArch-ARM-1.15.5\baremetal\build-node\boottest\lib\libcircle.a(d787fe77b090_bcmpciehostbridge.cpp.o)
 .debug_info    0x0000000000048d14     0x2626 C:\Users\dennis\Downloads\RetroArch-ARM-1.15.5\baremetal\build-node\boottest\lib\libcircle.a(17a4fe325f9b_dma4channel.cpp.o)
 .debug_info    0x000000000004b33a     0x11ae C:\Users\dennis\Downloads\RetroArch-ARM-1.15.5\baremetal\build-node\boottest\lib\libcircle.a(d85f8d6c437c_gpiomanager2712.cpp.o)
 .debug_info    0x000000000004c4e8      0x5d0 C:\Users\dennis\Downloads\RetroArch-ARM-1.15.5\baremetal\build-node\boottest\lib\libcircle.a(9a17b4b4dea8_display.cpp.o)